Archive member included to satisfy reference by file (symbol)

C:\Users\NCKU_LAB\workspace\stm32f746g-disco_hal_lib\Debug\libstm32f746g-disco_hal_lib.a(stm32f7xx_hal.o)
                              src\main.o (HAL_Init)
C:\Users\NCKU_LAB\workspace\stm32f746g-disco_hal_lib\Debug\libstm32f746g-disco_hal_lib.a(stm32f7xx_hal_cortex.o)
                              C:\Users\NCKU_LAB\workspace\stm32f746g-disco_hal_lib\Debug\libstm32f746g-disco_hal_lib.a(stm32f7xx_hal.o) (HAL_NVIC_SetPriorityGrouping)
C:\Users\NCKU_LAB\workspace\stm32f746g-disco_hal_lib\Debug\libstm32f746g-disco_hal_lib.a(stm32f7xx_hal_gpio.o)
                              src\main.o (HAL_GPIO_Init)
C:\Users\NCKU_LAB\workspace\stm32f746g-disco_hal_lib\Debug\libstm32f746g-disco_hal_lib.a(stm32f7xx_hal_i2c.o)
                              src\main.o (HAL_I2C_Init)
C:\Users\NCKU_LAB\workspace\stm32f746g-disco_hal_lib\Debug\libstm32f746g-disco_hal_lib.a(stm32f7xx_hal_pwr_ex.o)
                              src\main.o (HAL_PWREx_EnableOverDrive)
C:\Users\NCKU_LAB\workspace\stm32f746g-disco_hal_lib\Debug\libstm32f746g-disco_hal_lib.a(stm32f7xx_hal_rcc.o)
                              src\main.o (HAL_RCC_OscConfig)
C:\Users\NCKU_LAB\workspace\stm32f746g-disco_hal_lib\Debug\libstm32f746g-disco_hal_lib.a(stm32f7xx_hal_tim.o)
                              src\main.o (HAL_TIM_Base_Init)
C:\Users\NCKU_LAB\workspace\stm32f746g-disco_hal_lib\Debug\libstm32f746g-disco_hal_lib.a(stm32f7xx_hal_tim_ex.o)
                              C:\Users\NCKU_LAB\workspace\stm32f746g-disco_hal_lib\Debug\libstm32f746g-disco_hal_lib.a(stm32f7xx_hal_tim.o) (TIMEx_DMACommutationCplt)
C:\Users\NCKU_LAB\workspace\stm32f746g-disco_hal_lib\Debug\libstm32f746g-disco_hal_lib.a(stm32746g_discovery_lcd.o)
                              src\main.o (BSP_LCD_Init)
C:\Users\NCKU_LAB\workspace\stm32f746g-disco_hal_lib\Debug\libstm32f746g-disco_hal_lib.a(stm32746g_discovery_sdram.o)
                              C:\Users\NCKU_LAB\workspace\stm32f746g-disco_hal_lib\Debug\libstm32f746g-disco_hal_lib.a(stm32746g_discovery_lcd.o) (BSP_SDRAM_Init)
C:\Users\NCKU_LAB\workspace\stm32f746g-disco_hal_lib\Debug\libstm32f746g-disco_hal_lib.a(stm32f7xx_hal_dma.o)
                              C:\Users\NCKU_LAB\workspace\stm32f746g-disco_hal_lib\Debug\libstm32f746g-disco_hal_lib.a(stm32746g_discovery_sdram.o) (HAL_DMA_Init)
C:\Users\NCKU_LAB\workspace\stm32f746g-disco_hal_lib\Debug\libstm32f746g-disco_hal_lib.a(stm32f7xx_hal_dma2d.o)
                              C:\Users\NCKU_LAB\workspace\stm32f746g-disco_hal_lib\Debug\libstm32f746g-disco_hal_lib.a(stm32746g_discovery_lcd.o) (HAL_DMA2D_Init)
C:\Users\NCKU_LAB\workspace\stm32f746g-disco_hal_lib\Debug\libstm32f746g-disco_hal_lib.a(stm32f7xx_hal_ltdc.o)
                              C:\Users\NCKU_LAB\workspace\stm32f746g-disco_hal_lib\Debug\libstm32f746g-disco_hal_lib.a(stm32746g_discovery_lcd.o) (HAL_LTDC_Init)
C:\Users\NCKU_LAB\workspace\stm32f746g-disco_hal_lib\Debug\libstm32f746g-disco_hal_lib.a(stm32f7xx_hal_rcc_ex.o)
                              C:\Users\NCKU_LAB\workspace\stm32f746g-disco_hal_lib\Debug\libstm32f746g-disco_hal_lib.a(stm32746g_discovery_lcd.o) (HAL_RCCEx_PeriphCLKConfig)
C:\Users\NCKU_LAB\workspace\stm32f746g-disco_hal_lib\Debug\libstm32f746g-disco_hal_lib.a(stm32f7xx_hal_sdram.o)
                              C:\Users\NCKU_LAB\workspace\stm32f746g-disco_hal_lib\Debug\libstm32f746g-disco_hal_lib.a(stm32746g_discovery_sdram.o) (HAL_SDRAM_Init)
C:\Users\NCKU_LAB\workspace\stm32f746g-disco_hal_lib\Debug\libstm32f746g-disco_hal_lib.a(stm32f7xx_ll_fmc.o)
                              C:\Users\NCKU_LAB\workspace\stm32f746g-disco_hal_lib\Debug\libstm32f746g-disco_hal_lib.a(stm32f7xx_hal_sdram.o) (FMC_SDRAM_Init)
c:/ac6/systemworkbench/plugins/fr.ac6.mcu.externaltools.arm-none.win32_1.17.0.201812190825/tools/compiler/bin/../lib/gcc/arm-none-eabi/7.3.1/thumb/v7e-m/fpv4-sp/hard\libgcc.a(_arm_addsubdf3.o)
                              src\main.o (__aeabi_dadd)
c:/ac6/systemworkbench/plugins/fr.ac6.mcu.externaltools.arm-none.win32_1.17.0.201812190825/tools/compiler/bin/../lib/gcc/arm-none-eabi/7.3.1/thumb/v7e-m/fpv4-sp/hard\libgcc.a(_arm_muldivdf3.o)
                              src\main.o (__aeabi_dmul)
c:/ac6/systemworkbench/plugins/fr.ac6.mcu.externaltools.arm-none.win32_1.17.0.201812190825/tools/compiler/bin/../lib/gcc/arm-none-eabi/7.3.1/thumb/v7e-m/fpv4-sp/hard\libgcc.a(_arm_fixdfsi.o)
                              src\main.o (__aeabi_d2iz)
c:/ac6/systemworkbench/plugins/fr.ac6.mcu.externaltools.arm-none.win32_1.17.0.201812190825/tools/compiler/bin/../lib/gcc/arm-none-eabi/7.3.1/thumb/v7e-m/fpv4-sp/hard\libgcc.a(_arm_truncdfsf2.o)
                              src\main.o (__aeabi_d2f)
c:/ac6/systemworkbench/plugins/fr.ac6.mcu.externaltools.arm-none.win32_1.17.0.201812190825/tools/compiler/bin/../lib/gcc/arm-none-eabi/7.3.1/thumb/v7e-m/fpv4-sp/hard\libgcc.a(_aeabi_uldivmod.o)
[...]
Memory Configuration

Name             Origin             Length             Attributes
FLASH            0x08000000         0x00100000         xr
RAM              0x20000000         0x00050000         xrw
*default*        0x00000000         0xffffffff

Linker script and memory map

LOAD c:/ac6/systemworkbench/plugins/fr.ac6.mcu.externaltools.arm-none.win32_1.17.0.201812190825/tools/compiler/bin/../lib/gcc/arm-none-eabi/7.3.1/thumb/v7e-m/fpv4-sp/hard/crti.o
LOAD c:/ac6/systemworkbench/plugins/fr.ac6.mcu.externaltools.arm-none.win32_1.17.0.201812190825/tools/compiler/bin/../lib/gcc/arm-none-eabi/7.3.1/thumb/v7e-m/fpv4-sp/hard/crtbegin.o
LOAD c:/ac6/systemworkbench/plugins/fr.ac6.mcu.externaltools.arm-none.win32_1.17.0.201812190825/tools/compiler/bin/../lib/gcc/arm-none-eabi/7.3.1/../../../../arm-none-eabi/lib/thumb/v7e-m/fpv4-sp/hard/crt0.o
LOAD c:/ac6/systemworkbench/plugins/fr.ac6.mcu.externaltools.arm-none.win32_1.17.0.201812190825/tools/compiler/bin/../lib/gcc/arm-none-eabi/7.3.1/../../../../arm-none-eabi/lib/thumb/v7e-m/fpv4-sp/hard\libm.a
LOAD src\main.o
LOAD src\stm32f7xx_it.o
LOAD src\syscalls.o
LOAD src\system_stm32f7xx.o
LOAD startup\startup_stm32f746xx.o
LOAD C:\Users\NCKU_LAB\workspace\stm32f746g-disco_hal_lib\Debug\libstm32f746g-disco_hal_lib.a
START GROUP
LOAD c:/ac6/systemworkbench/plugins/fr.ac6.mcu.externaltools.arm-none.win32_1.17.0.201812190825/tools/compiler/bin/../lib/gcc/arm-none-eabi/7.3.1/thumb/v7e-m/fpv4-sp/hard\libgcc.a
LOAD c:/ac6/systemworkbench/plugins/fr.ac6.mcu.externaltools.arm-none.win32_1.17.0.201812190825/tools/compiler/bin/../lib/gcc/arm-none-eabi/7.3.1/../../../../arm-none-eabi/lib/thumb/v7e-m/fpv4-sp/hard\libc.a
END GROUP
LOAD c:/ac6/systemworkbench/plugins/fr.ac6.mcu.externaltools.arm-none.win32_1.17.0.201812190825/tools/compiler/bin/../lib/gcc/arm-none-eabi/7.3.1/thumb/v7e-m/fpv4-sp/hard/crtend.o
LOAD c:/ac6/systemworkbench/plugins/fr.ac6.mcu.externaltools.arm-none.win32_1.17.0.201812190825/tools/compiler/bin/../lib/gcc/arm-none-eabi/7.3.1/thumb/v7e-m/fpv4-sp/hard/crtn.o
                0x20050000                _estack = 0x20050000
                0x00000200                _Min_Heap_Size = 0x200
                0x00000400                _Min_Stack_Size = 0x400

.isr_vector     0x08000000      0x1c8
                0x08000000                . = ALIGN (0x4)
 *(.isr_vector)
 .isr_vector    0x08000000      0x1c8 startup\startup_stm32f746xx.o
                0x08000000                g_pfnVectors
                0x080001c8                . = ALIGN (0x4)

.text           0x08000200     0xac4c
                0x08000200                . = ALIGN (0x4)
 *(.text)
 .text          0x08000200       0x40 c:/ac6/systemworkbench/plugins/fr.ac6.mcu.externaltools.arm-none.win32_1.17.0.201812190825/tools/compiler/bin/../lib/gcc/arm-none-eabi/7.3.1/thumb/v7e-m/fpv4-sp/hard/crtbegin.o
 .text          0x08000240      0x378 c:/ac6/systemworkbench/plugins/fr.ac6.mcu.externaltools.arm-none.win32_1.17.0.201812190825/tools/compiler/bin/../lib/gcc/arm-none-eabi/7.3.1/thumb/v7e-m/fpv4-sp/hard\libgcc.a(_arm_addsubdf3.o)
                0x08000240                __aeabi_drsub
                0x08000248                __aeabi_dsub
                0x08000248                __subdf3
                0x0800024c                __aeabi_dadd
                0x0800024c                __adddf3
                0x080004c4                __floatunsidf
                0x080004c4                __aeabi_ui2d
                0x080004e4                __floatsidf
                0x080004e4                __aeabi_i2d
                0x08000508                __aeabi_f2d
                0x08000508                __extendsfdf2
                0x0800054c                __floatundidf
                0x0800054c                __aeabi_ul2d
                0x0800055c                __floatdidf
                0x0800055c                __aeabi_l2d
 .text          0x080005b8      0x424 c:/ac6/systemworkbench/plugins/fr.ac6.mcu.externaltools.arm-none.win32_1.17.0.201812190825/tools/compiler/bin/../lib/gcc/arm-none-eabi/7.3.1/thumb/v7e-m/fpv4-sp/hard\libgcc.a(_arm_muldivdf3.o)
                0x080005b8                __aeabi_dmul
                0x080005b8                __muldf3
                0x0800080c                __divdf3
                0x0800080c                __aeabi_ddiv
 .text          0x080009dc       0x50 c:/ac6/systemworkbench/plugins/fr.ac6.mcu.externaltools.arm-none.win32_1.17.0.201812190825/tools/compiler/bin/../lib/gcc/arm-none-eabi/7.3.1/thumb/v7e-m/fpv4-sp/hard\libgcc.a(_arm_fixdfsi.o)
                0x080009dc                __aeabi_d2iz
                0x080009dc                __fixdfsi
 .text          0x08000a2c       0xa0 c:/ac6/systemworkbench/plugins/fr.ac6.mcu.externaltools.arm-none.win32_1.17.0.201812190825/tools/compiler/bin/../lib/gcc/arm-none-eabi/7.3.1/thumb/v7e-m/fpv4-sp/hard\libgcc.a(_arm_truncdfsf2.o)
                0x08000a2c                __truncdfsf2
                0x08000a2c                __aeabi_d2f
 .text          0x08000acc       0x30 c:/ac6/systemworkbench/plugins/fr.ac6.mcu.externaltools.arm-none.win32_1.17.0.201812190825/tools/compiler/bin/../lib/gcc/arm-none-eabi/7.3.1/thumb/v7e-m/fpv4-sp/hard\libgcc.a(_aeabi_uldivmod.o)
                0x08000acc                __aeabi_uldivmod
 .text          0x08000afc      0x2cc c:/ac6/systemworkbench/plugins/fr.ac6.mcu.externaltools.arm-none.win32_1.17.0.201812190825/tools/compiler/bin/../lib/gcc/arm-none-eabi/7.3.1/thumb/v7e-m/fpv4-sp/hard\libgcc.a(_udivmoddi4.o)
                0x08000afc                __udivmoddi4
 .text          0x08000dc8        0x4 c:/ac6/systemworkbench/plugins/fr.ac6.mcu.externaltools.arm-none.win32_1.17.0.201812190825/tools/compiler/bin/../lib/gcc/arm-none-eabi/7.3.1/thumb/v7e-m/fpv4-sp/hard\libgcc.a(_dvmd_tls.o)
                0x08000dc8                __aeabi_idiv0
                0x08000dc8                __aeabi_ldiv0
 *fill*         0x08000dcc        0x4 
 .text          0x08000dd0       0xa0 c:/ac6/systemworkbench/plugins/fr.ac6.mcu.externaltools.arm-none.win32_1.17.0.201812190825/tools/compiler/bin/../lib/gcc/arm-none-eabi/7.3.1/../../../../arm-none-eabi/lib/thumb/v7e-m/fpv4-sp/hard\libc.a(lib_a-memchr.o)
                0x08000dd0                memchr
 .text          0x08000e70      0x134 c:/ac6/systemworkbench/plugins/fr.ac6.mcu.externaltools.arm-none.win32_1.17.0.201812190825/tools/compiler/bin/../lib/gcc/arm-none-eabi/7.3.1/../../../../arm-none-eabi/lib/thumb/v7e-m/fpv4-sp/hard\libc.a(lib_a-memcpy.o)
                0x08000e70                memcpy
 *fill*         0x08000fa4       0x1c 
 .text          0x08000fc0       0xdc c:/ac6/systemworkbench/plugins/fr.ac6.mcu.externaltools.arm-none.win32_1.17.0.201812190825/tools/compiler/bin/../lib/gcc/arm-none-eabi/7.3.1/../../../../arm-none-eabi/lib/thumb/v7e-m/fpv4-sp/hard\libc.a(lib_a-strlen.o)
                0x08000fc0                strlen
 .text          0x0800109c      0x110 c:/ac6/systemworkbench/plugins/fr.ac6.mcu.externaltools.arm-none.win32_1.17.0.201812190825/tools/compiler/bin/../lib/gcc/arm-none-eabi/7.3.1/thumb/v7e-m/fpv4-sp/hard\libgcc.a(_arm_cmpdf2.o)
                0x0800109c                __gtdf2
                0x0800109c                __gedf2
                0x080010a4                __ltdf2
                0x080010a4                __ledf2
                0x080010ac                __nedf2
                0x080010ac                __eqdf2
                0x080010ac                __cmpdf2
                0x08001128                __aeabi_cdrcmple
                0x08001138                __aeabi_cdcmpeq
                0x08001138                __aeabi_cdcmple
                0x08001148                __aeabi_dcmpeq
                0x0800115c                __aeabi_dcmplt
                0x08001170                __aeabi_dcmple
                0x08001184                __aeabi_dcmpge
                0x08001198                __aeabi_dcmpgt
 .text          0x080011ac       0x2c c:/ac6/systemworkbench/plugins/fr.ac6.mcu.externaltools.arm-none.win32_1.17.0.201812190825/tools/compiler/bin/../lib/gcc/arm-none-eabi/7.3.1/thumb/v7e-m/fpv4-sp/hard\libgcc.a(_arm_unorddf2.o)
                0x080011ac                __unorddf2
                0x080011ac                __aeabi_dcmpun
 *(.text*)
 .text.SCB_EnableICache
                0x080011d8       0x38 src\main.o
 .text.SCB_EnableDCache
                0x08001210       0x80 src\main.o
 .text.main     0x08001290      0x178 src\main.o
                0x08001290                main
 .text.SystemClock_Config
                0x08001408       0x86 src\main.o
 *fill*         0x0800148e        0x2 
 .text.TIM2_IRQHandler
                0x08001490       0x14 src\main.o
                0x08001490                TIM2_IRQHandler
 .text.HAL_TIM_PeriodElapsedCallback
                0x080014a4       0x4c src\main.o
                0x080014a4                HAL_TIM_PeriodElapsedCallback
 .text.MyI2C_Init
                0x080014f0       0xe0 src\main.o
                0x080014f0                MyI2C_Init
 .text.LCD_Start
                0x080015d0       0x40 src\main.o
                0x080015d0                LCD_Start
 .text.SetInitialState
                0x08001610      0x244 src\main.o
 .text.I2C_Get_Data
                0x08001854      0x690 src\main.o
                0x08001854                I2C_Get_Data
 *fill*         0x08001ee4        0x4 
 .text.Data_Processing
                0x08001ee8       0xcc src\main.o
                0x08001ee8                Data_Processing
 .text.zero     0x08001fb4      0x148 src\main.o
                0x08001fb4                zero
 *fill*         0x080020fc        0x4 
 .text.ACCEL_Translate
                0x08002100      0x11c src\main.o
                0x08002100                ACCEL_Translate
 .text.GYRO_Translate
                0x0800221c       0xb4 src\main.o
                0x0800221c                GYRO_Translate
 .text.Error_Handler
                0x080022d0       0x30 src\main.o
 .text.CPU_CACHE_Enable
                0x08002300       0x10 src\main.o
 .text.LCD_9250_Data
                0x08002310      0x16c src\main.o
                0x08002310                LCD_9250_Data
 .text.SysTick_Handler
                0x0800247c       0x10 src\stm32f7xx_it.o
                0x0800247c                SysTick_Handler
 .text._sbrk    0x0800248c       0x58 src\syscalls.o
                0x0800248c                _sbrk
 .text.SystemInit
                0x080024e4       0x6c src\system_stm32f7xx.o
                0x080024e4                SystemInit
 .text.Reset_Handler
                0x08002550       0x50 startup\startup_stm32f746xx.o
                0x08002550                Reset_Handler
 .text.Default_Handler
                0x080025a0        0x2 startup\startup_stm32f746xx.o
                0x080025a0                RTC_Alarm_IRQHandler
                0x080025a0                EXTI2_IRQHandler
                0x080025a0                TIM8_CC_IRQHandler
                0x080025a0                DebugMon_Handler
                0x080025a0                UART8_IRQHandler
                0x080025a0                SPI4_IRQHandler
                0x080025a0                TIM1_CC_IRQHandler
                0x080025a0                DMA2_Stream5_IRQHandler
                0x080025a0                HardFault_Handler
                0x080025a0                DMA1_Stream5_IRQHandler
                0x080025a0                PVD_IRQHandler
                0x080025a0                TAMP_STAMP_IRQHandler
                0x080025a0                PendSV_Handler
                0x080025a0                NMI_Handler
                0x080025a0                CAN2_RX1_IRQHandler
                0x080025a0                EXTI3_IRQHandler
                0x080025a0                TIM8_TRG_COM_TIM14_IRQHandler
                0x080025a0                TIM1_UP_TIM10_IRQHandler
                0x080025a0                TIM8_UP_TIM13_IRQHandler
                0x080025a0                I2C3_ER_IRQHandler
                0x080025a0                EXTI0_IRQHandler
                0x080025a0                I2C2_EV_IRQHandler
                0x080025a0                DMA1_Stream2_IRQHandler
                0x080025a0                CAN1_RX0_IRQHandler
                0x080025a0                FPU_IRQHandler
                0x080025a0                OTG_HS_WKUP_IRQHandler
                0x080025a0                UsageFault_Handler
                0x080025a0                LTDC_ER_IRQHandler
                0x080025a0                CAN2_SCE_IRQHandler
                0x080025a0                DMA2_Stream2_IRQHandler
                0x080025a0                SPI1_IRQHandler
                0x080025a0                TIM6_DAC_IRQHandler
                0x080025a0                TIM1_BRK_TIM9_IRQHandler
                0x080025a0                DCMI_IRQHandler
                0x080025a0                CAN2_RX0_IRQHandler
                0x080025a0                DMA2_Stream3_IRQHandler
                0x080025a0                SAI2_IRQHandler
                0x080025a0                USART6_IRQHandler
                0x080025a0                USART3_IRQHandler
                0x080025a0                CAN1_RX1_IRQHandler
                0x080025a0                UART5_IRQHandler
                0x080025a0                DMA2_Stream0_IRQHandler
                0x080025a0                TIM4_IRQHandler
                0x080025a0                QUADSPI_IRQHandler
                0x080025a0                I2C1_EV_IRQHandler
                0x080025a0                DMA1_Stream6_IRQHandler
                0x080025a0                DMA1_Stream1_IRQHandler
                0x080025a0                UART4_IRQHandler
                0x080025a0                TIM3_IRQHandler
                0x080025a0                RCC_IRQHandler
                0x080025a0                TIM8_BRK_TIM12_IRQHandler
                0x080025a0                Default_Handler
                0x080025a0                CEC_IRQHandler
                0x080025a0                EXTI15_10_IRQHandler
                0x080025a0                ADC_IRQHandler
                0x080025a0                DMA1_Stream7_IRQHandler
                0x080025a0                SPI5_IRQHandler
                0x080025a0                TIM7_IRQHandler
                0x080025a0                SDMMC1_IRQHandler
                0x080025a0                CAN2_TX_IRQHandler
                0x080025a0                TIM5_IRQHandler
                0x080025a0                DMA2_Stream7_IRQHandler
                0x080025a0                I2C3_EV_IRQHandler
                0x080025a0                EXTI9_5_IRQHandler
                0x080025a0                RTC_WKUP_IRQHandler
                0x080025a0                LTDC_IRQHandler
                0x080025a0                ETH_WKUP_IRQHandler
                0x080025a0                SPDIF_RX_IRQHandler
                0x080025a0                SPI2_IRQHandler
                0x080025a0                OTG_HS_EP1_IN_IRQHandler
                0x080025a0                MemManage_Handler
                0x080025a0                DMA1_Stream0_IRQHandler
                0x080025a0                CAN1_TX_IRQHandler
                0x080025a0                SVC_Handler
                0x080025a0                EXTI4_IRQHandler
                0x080025a0                RNG_IRQHandler
                0x080025a0                ETH_IRQHandler
                0x080025a0                OTG_HS_EP1_OUT_IRQHandler
                0x080025a0                WWDG_IRQHandler
                0x080025a0                SPI6_IRQHandler
                0x080025a0                I2C4_EV_IRQHandler
                0x080025a0                OTG_FS_WKUP_IRQHandler
                0x080025a0                TIM1_TRG_COM_TIM11_IRQHandler
                0x080025a0                OTG_HS_IRQHandler
                0x080025a0                DMA2D_IRQHandler
                0x080025a0                EXTI1_IRQHandler
                0x080025a0                UART7_IRQHandler
                0x080025a0                USART2_IRQHandler
                0x080025a0                I2C2_ER_IRQHandler
                0x080025a0                DMA2_Stream1_IRQHandler
                0x080025a0                CAN1_SCE_IRQHandler
                0x080025a0                FLASH_IRQHandler
                0x080025a0                DMA2_Stream4_IRQHandler
                0x080025a0                BusFault_Handler
                0x080025a0                USART1_IRQHandler
                0x080025a0                OTG_FS_IRQHandler
                0x080025a0                SPI3_IRQHandler
                0x080025a0                DMA1_Stream4_IRQHandler
                0x080025a0                I2C1_ER_IRQHandler
                0x080025a0                FMC_IRQHandler
                0x080025a0                LPTIM1_IRQHandler
                0x080025a0                I2C4_ER_IRQHandler
                0x080025a0                DMA2_Stream6_IRQHandler
                0x080025a0                SAI1_IRQHandler
                0x080025a0                DMA1_Stream3_IRQHandler
 *fill*         0x080025a2        0x2 
 .text.HAL_Init
                0x080025a4       0x2c C:\Users\NCKU_LAB\workspace\stm32f746g-disco_hal_lib\Debug\libstm32f746g-disco_hal_lib.a(stm32f7xx_hal.o)
                0x080025a4                HAL_Init
 .text.HAL_MspInit
                0x080025d0        0xe C:\Users\NCKU_LAB\workspace\stm32f746g-disco_hal_lib\Debug\libstm32f746g-disco_hal_lib.a(stm32f7xx_hal.o)
                0x080025d0                HAL_MspInit
 *fill*         0x080025de        0x2 
 .text.HAL_InitTick
                0x080025e0       0x60 C:\Users\NCKU_LAB\workspace\stm32f746g-disco_hal_lib\Debug\libstm32f746g-disco_hal_lib.a(stm32f7xx_hal.o)
                0x080025e0                HAL_InitTick
 .text.HAL_IncTick
                0x08002640       0x28 C:\Users\NCKU_LAB\workspace\stm32f746g-disco_hal_lib\Debug\libstm32f746g-disco_hal_lib.a(stm32f7xx_hal.o)
                0x08002640                HAL_IncTick
 .text.HAL_GetTick
                0x08002668       0x18 C:\Users\NCKU_LAB\workspace\stm32f746g-disco_hal_lib\Debug\libstm32f746g-disco_hal_lib.a(stm32f7xx_hal.o)
                0x08002668                HAL_GetTick
 .text.HAL_Delay
                0x08002680       0x44 C:\Users\NCKU_LAB\workspace\stm32f746g-disco_hal_lib\Debug\libstm32f746g-disco_hal_lib.a(stm32f7xx_hal.o)
                0x08002680                HAL_Delay
 .text.NVIC_SetPriorityGrouping
                0x080026c4       0x48 C:\Users\NCKU_LAB\workspace\stm32f746g-disco_hal_lib\Debug\libstm32f746g-disco_hal_lib.a(stm32f7xx_hal_cortex.o)
 .text.NVIC_GetPriorityGrouping
                0x0800270c       0x1c C:\Users\NCKU_LAB\workspace\stm32f746g-disco_hal_lib\Debug\libstm32f746g-disco_hal_lib.a(stm32f7xx_hal_cortex.o)
 .text.NVIC_EnableIRQ
                0x08002728       0x34 C:\Users\NCKU_LAB\workspace\stm32f746g-disco_hal_lib\Debug\libstm32f746g-disco_hal_lib.a(stm32f7xx_hal_cortex.o)
 .text.NVIC_SetPriority
                0x0800275c       0x54 C:\Users\NCKU_LAB\workspace\stm32f746g-disco_hal_lib\Debug\libstm32f746g-disco_hal_lib.a(stm32f7xx_hal_cortex.o)
 .text.NVIC_EncodePriority
                0x080027b0       0x66 C:\Users\NCKU_LAB\workspace\stm32f746g-disco_hal_lib\Debug\libstm32f746g-disco_hal_lib.a(stm32f7xx_hal_cortex.o)
 *fill*         0x08002816        0x2 
 .text.SysTick_Config
                0x08002818       0x44 C:\Users\NCKU_LAB\workspace\stm32f746g-disco_hal_lib\Debug\libstm32f746g-disco_hal_lib.a(stm32f7xx_hal_cortex.o)
 .text.HAL_NVIC_SetPriorityGrouping
                0x0800285c       0x16 C:\Users\NCKU_LAB\workspace\stm32f746g-disco_hal_lib\Debug\libstm32f746g-disco_hal_lib.a(stm32f7xx_hal_cortex.o)
                0x0800285c                HAL_NVIC_SetPriorityGrouping
 .text.HAL_NVIC_SetPriority
                0x08002872       0x38 C:\Users\NCKU_LAB\workspace\stm32f746g-disco_hal_lib\Debug\libstm32f746g-disco_hal_lib.a(stm32f7xx_hal_cortex.o)
                0x08002872                HAL_NVIC_SetPriority
 .text.HAL_NVIC_EnableIRQ
                0x080028aa       0x1c C:\Users\NCKU_LAB\workspace\stm32f746g-disco_hal_lib\Debug\libstm32f746g-disco_hal_lib.a(stm32f7xx_hal_cortex.o)
                0x080028aa                HAL_NVIC_EnableIRQ
 .text.HAL_SYSTICK_Config
                0x080028c6       0x18 C:\Users\NCKU_LAB\workspace\stm32f746g-disco_hal_lib\Debug\libstm32f746g-disco_hal_lib.a(stm32f7xx_hal_cortex.o)
                0x080028c6                HAL_SYSTICK_Config
 .text.HAL_SYSTICK_IRQHandler
                0x080028de        0xc C:\Users\NCKU_LAB\workspace\stm32f746g-disco_hal_lib\Debug\libstm32f746g-disco_hal_lib.a(stm32f7xx_hal_cortex.o)
                0x080028de                HAL_SYSTICK_IRQHandler
 .text.HAL_SYSTICK_Callback
                0x080028ea        0xe C:\Users\NCKU_LAB\workspace\stm32f746g-disco_hal_lib\Debug\libstm32f746g-disco_hal_lib.a(stm32f7xx_hal_cortex.o)
                0x080028ea                HAL_SYSTICK_Callback
 .text.HAL_GPIO_Init
                0x080028f8      0x354 C:\Users\NCKU_LAB\workspace\stm32f746g-disco_hal_lib\Debug\libstm32f746g-disco_hal_lib.a(stm32f7xx_hal_gpio.o)
                0x080028f8                HAL_GPIO_Init
 .text.HAL_GPIO_WritePin
                0x08002c4c       0x32 C:\Users\NCKU_LAB\workspace\stm32f746g-disco_hal_lib\Debug\libstm32f746g-disco_hal_lib.a(stm32f7xx_hal_gpio.o)
                0x08002c4c                HAL_GPIO_WritePin
 *fill*         0x08002c7e        0x2 
 .text.HAL_I2C_Init
                0x08002c80      0x120 C:\Users\NCKU_LAB\workspace\stm32f746g-disco_hal_lib\Debug\libstm32f746g-disco_hal_lib.a(stm32f7xx_hal_i2c.o)
                0x08002c80                HAL_I2C_Init
 .text.HAL_I2C_DeInit
                0x08002da0       0x5e C:\Users\NCKU_LAB\workspace\stm32f746g-disco_hal_lib\Debug\libstm32f746g-disco_hal_lib.a(stm32f7xx_hal_i2c.o)
                0x08002da0                HAL_I2C_DeInit
 .text.HAL_I2C_MspInit
                0x08002dfe       0x14 C:\Users\NCKU_LAB\workspace\stm32f746g-disco_hal_lib\Debug\libstm32f746g-disco_hal_lib.a(stm32f7xx_hal_i2c.o)
                0x08002dfe                HAL_I2C_MspInit
 .text.HAL_I2C_MspDeInit
                0x08002e12       0x14 C:\Users\NCKU_LAB\workspace\stm32f746g-disco_hal_lib\Debug\libstm32f746g-disco_hal_lib.a(stm32f7xx_hal_i2c.o)
                0x08002e12                HAL_I2C_MspDeInit
 *fill*         0x08002e26        0x2 
 .text.HAL_I2C_Mem_Write
                0x08002e28      0x24c C:\Users\NCKU_LAB\workspace\stm32f746g-disco_hal_lib\Debug\libstm32f746g-disco_hal_lib.a(stm32f7xx_hal_i2c.o)
                0x08002e28                HAL_I2C_Mem_Write
 .text.HAL_I2C_Mem_Read
                0x08003074      0x24c C:\Users\NCKU_LAB\workspace\stm32f746g-disco_hal_lib\Debug\libstm32f746g-disco_hal_lib.a(stm32f7xx_hal_i2c.o)
                0x08003074                HAL_I2C_Mem_Read
 .text.I2C_RequestMemoryWrite
                0x080032c0       0xc0 C:\Users\NCKU_LAB\workspace\stm32f746g-disco_hal_lib\Debug\libstm32f746g-disco_hal_lib.a(stm32f7xx_hal_i2c.o)
 .text.I2C_RequestMemoryRead
                0x08003380       0xc0 C:\Users\NCKU_LAB\workspace\stm32f746g-disco_hal_lib\Debug\libstm32f746g-disco_hal_lib.a(stm32f7xx_hal_i2c.o)
 .text.I2C_Flush_TXDR
                0x08003440       0x48 C:\Users\NCKU_LAB\workspace\stm32f746g-disco_hal_lib\Debug\libstm32f746g-disco_hal_lib.a(stm32f7xx_hal_i2c.o)
 .text.I2C_WaitOnFlagUntilTimeout
                0x08003488       0x74 C:\Users\NCKU_LAB\workspace\stm32f746g-disco_hal_lib\Debug\libstm32f746g-disco_hal_lib.a(stm32f7xx_hal_i2c.o)
 .text.I2C_WaitOnTXISFlagUntilTimeout
                0x080034fc       0x80 C:\Users\NCKU_LAB\workspace\stm32f746g-disco_hal_lib\Debug\libstm32f746g-disco_hal_lib.a(stm32f7xx_hal_i2c.o)
 .text.I2C_WaitOnSTOPFlagUntilTimeout
                0x0800357c       0x78 C:\Users\NCKU_LAB\workspace\stm32f746g-disco_hal_lib\Debug\libstm32f746g-disco_hal_lib.a(stm32f7xx_hal_i2c.o)
 .text.I2C_IsAcknowledgeFailed
                0x080035f4       0xbc C:\Users\NCKU_LAB\workspace\stm32f746g-disco_hal_lib\Debug\libstm32f746g-disco_hal_lib.a(stm32f7xx_hal_i2c.o)
 .text.I2C_TransferConfig
                0x080036b0       0x5c C:\Users\NCKU_LAB\workspace\stm32f746g-disco_hal_lib\Debug\libstm32f746g-disco_hal_lib.a(stm32f7xx_hal_i2c.o)
 .text.HAL_PWREx_EnableOverDrive
                0x0800370c       0xa0 C:\Users\NCKU_LAB\workspace\stm32f746g-disco_hal_lib\Debug\libstm32f746g-disco_hal_lib.a(stm32f7xx_hal_pwr_ex.o)
                0x0800370c                HAL_PWREx_EnableOverDrive
 .text.HAL_RCC_OscConfig
                0x080037ac      0x4e0 C:\Users\NCKU_LAB\workspace\stm32f746g-disco_hal_lib\Debug\libstm32f746g-disco_hal_lib.a(stm32f7xx_hal_rcc.o)
                0x080037ac                HAL_RCC_OscConfig
 .text.HAL_RCC_ClockConfig
                0x08003c8c      0x1d0 C:\Users\NCKU_LAB\workspace\stm32f746g-disco_hal_lib\Debug\libstm32f746g-disco_hal_lib.a(stm32f7xx_hal_rcc.o)
                0x08003c8c                HAL_RCC_ClockConfig
 .text.HAL_RCC_GetSysClockFreq
                0x08003e5c      0x164 C:\Users\NCKU_LAB\workspace\stm32f746g-disco_hal_lib\Debug\libstm32f746g-disco_hal_lib.a(stm32f7xx_hal_rcc.o)
                0x08003e5c                HAL_RCC_GetSysClockFreq
 .text.HAL_TIM_Base_Init
                0x08003fc0       0x56 C:\Users\NCKU_LAB\workspace\stm32f746g-disco_hal_lib\Debug\libstm32f746g-disco_hal_lib.a(stm32f7xx_hal_tim.o)
                0x08003fc0                HAL_TIM_Base_Init
 .text.HAL_TIM_Base_MspInit
                0x08004016       0x14 C:\Users\NCKU_LAB\workspace\stm32f746g-disco_hal_lib\Debug\libstm32f746g-disco_hal_lib.a(stm32f7xx_hal_tim.o)
                0x08004016                HAL_TIM_Base_MspInit
 .text.HAL_TIM_Base_Start_IT
                0x0800402a       0x36 C:\Users\NCKU_LAB\workspace\stm32f746g-disco_hal_lib\Debug\libstm32f746g-disco_hal_lib.a(stm32f7xx_hal_tim.o)
                0x0800402a                HAL_TIM_Base_Start_IT
 .text.HAL_TIM_IRQHandler
                0x08004060      0x23e C:\Users\NCKU_LAB\workspace\stm32f746g-disco_hal_lib\Debug\libstm32f746g-disco_hal_lib.a(stm32f7xx_hal_tim.o)
                0x08004060                HAL_TIM_IRQHandler
 .text.HAL_TIM_OC_DelayElapsedCallback
                0x0800429e       0x14 C:\Users\NCKU_LAB\workspace\stm32f746g-disco_hal_lib\Debug\libstm32f746g-disco_hal_lib.a(stm32f7xx_hal_tim.o)
                0x0800429e                HAL_TIM_OC_DelayElapsedCallback
 .text.HAL_TIM_IC_CaptureCallback
                0x080042b2       0x14 C:\Users\NCKU_LAB\workspace\stm32f746g-disco_hal_lib\Debug\libstm32f746g-disco_hal_lib.a(stm32f7xx_hal_tim.o)
                0x080042b2                HAL_TIM_IC_CaptureCallback
 .text.HAL_TIM_PWM_PulseFinishedCallback
                0x080042c6       0x14 C:\Users\NCKU_LAB\workspace\stm32f746g-disco_hal_lib\Debug\libstm32f746g-disco_hal_lib.a(stm32f7xx_hal_tim.o)
                0x080042c6                HAL_TIM_PWM_PulseFinishedCallback
 .text.HAL_TIM_TriggerCallback
                0x080042da       0x14 C:\Users\NCKU_LAB\workspace\stm32f746g-disco_hal_lib\Debug\libstm32f746g-disco_hal_lib.a(stm32f7xx_hal_tim.o)
                0x080042da                HAL_TIM_TriggerCallback
 *fill*         0x080042ee        0x2 
 .text.TIM_Base_SetConfig
                0x080042f0      0x160 C:\Users\NCKU_LAB\workspace\stm32f746g-disco_hal_lib\Debug\libstm32f746g-disco_hal_lib.a(stm32f7xx_hal_tim.o)
                0x080042f0                TIM_Base_SetConfig
 .text.HAL_TIMEx_CommutationCallback
                0x08004450       0x14 C:\Users\NCKU_LAB\workspace\stm32f746g-disco_hal_lib\Debug\libstm32f746g-disco_hal_lib.a(stm32f7xx_hal_tim_ex.o)
                0x08004450                HAL_TIMEx_CommutationCallback
 .text.HAL_TIMEx_BreakCallback
                0x08004464       0x14 C:\Users\NCKU_LAB\workspace\stm32f746g-disco_hal_lib\Debug\libstm32f746g-disco_hal_lib.a(stm32f7xx_hal_tim_ex.o)
                0x08004464                HAL_TIMEx_BreakCallback
 .text.BSP_LCD_Init
                0x08004478       0xe0 C:\Users\NCKU_LAB\workspace\stm32f746g-disco_hal_lib\Debug\libstm32f746g-disco_hal_lib.a(stm32746g_discovery_lcd.o)
                0x08004478                BSP_LCD_Init
 .text.BSP_LCD_GetXSize
                0x08004558       0x28 C:\Users\NCKU_LAB\workspace\stm32f746g-disco_hal_lib\Debug\libstm32f746g-disco_hal_lib.a(stm32746g_discovery_lcd.o)
                0x08004558                BSP_LCD_GetXSize
 .text.BSP_LCD_GetYSize
                0x08004580       0x28 C:\Users\NCKU_LAB\workspace\stm32f746g-disco_hal_lib\Debug\libstm32f746g-disco_hal_lib.a(stm32746g_discovery_lcd.o)
                0x08004580                BSP_LCD_GetYSize
 .text.BSP_LCD_LayerDefaultInit
                0x080045a8       0xc0 C:\Users\NCKU_LAB\workspace\stm32f746g-disco_hal_lib\Debug\libstm32f746g-disco_hal_lib.a(stm32746g_discovery_lcd.o)
                0x080045a8                BSP_LCD_LayerDefaultInit
 .text.BSP_LCD_SelectLayer
                0x08004668       0x20 C:\Users\NCKU_LAB\workspace\stm32f746g-disco_hal_lib\Debug\libstm32f746g-disco_hal_lib.a(stm32746g_discovery_lcd.o)
                0x08004668                BSP_LCD_SelectLayer
 .text.BSP_LCD_SetLayerVisible
                0x08004688       0x7c C:\Users\NCKU_LAB\workspace\stm32f746g-disco_hal_lib\Debug\libstm32f746g-disco_hal_lib.a(stm32746g_discovery_lcd.o)
                0x08004688                BSP_LCD_SetLayerVisible
 .text.BSP_LCD_SetTextColor
                0x08004704       0x30 C:\Users\NCKU_LAB\workspace\stm32f746g-disco_hal_lib\Debug\libstm32f746g-disco_hal_lib.a(stm32746g_discovery_lcd.o)
                0x08004704                BSP_LCD_SetTextColor
 .text.BSP_LCD_SetBackColor
                0x08004734       0x34 C:\Users\NCKU_LAB\workspace\stm32f746g-disco_hal_lib\Debug\libstm32f746g-disco_hal_lib.a(stm32746g_discovery_lcd.o)
                0x08004734                BSP_LCD_SetBackColor
 .text.BSP_LCD_SetFont
                0x08004768       0x34 C:\Users\NCKU_LAB\workspace\stm32f746g-disco_hal_lib\Debug\libstm32f746g-disco_hal_lib.a(stm32746g_discovery_lcd.o)
                0x08004768                BSP_LCD_SetFont
 .text.BSP_LCD_GetFont
                0x0800479c       0x2c C:\Users\NCKU_LAB\workspace\stm32f746g-disco_hal_lib\Debug\libstm32f746g-disco_hal_lib.a(stm32746g_discovery_lcd.o)
                0x0800479c                BSP_LCD_GetFont
 .text.BSP_LCD_Clear
                0x080047c8       0x50 C:\Users\NCKU_LAB\workspace\stm32f746g-disco_hal_lib\Debug\libstm32f746g-disco_hal_lib.a(stm32746g_discovery_lcd.o)
                0x080047c8                BSP_LCD_Clear
 .text.BSP_LCD_DisplayChar
                0x08004818       0x88 C:\Users\NCKU_LAB\workspace\stm32f746g-disco_hal_lib\Debug\libstm32f746g-disco_hal_lib.a(stm32746g_discovery_lcd.o)
                0x08004818                BSP_LCD_DisplayChar
 .text.BSP_LCD_DisplayStringAt
                0x080048a0      0x188 C:\Users\NCKU_LAB\workspace\stm32f746g-disco_hal_lib\Debug\libstm32f746g-disco_hal_lib.a(stm32746g_discovery_lcd.o)
                0x080048a0                BSP_LCD_DisplayStringAt
 .text.BSP_LCD_DisplayStringAtLine
                0x08004a28       0x2e C:\Users\NCKU_LAB\workspace\stm32f746g-disco_hal_lib\Debug\libstm32f746g-disco_hal_lib.a(stm32746g_discovery_lcd.o)
                0x08004a28                BSP_LCD_DisplayStringAtLine
 *fill*         0x08004a56        0x2 
 .text.BSP_LCD_DrawHLine
                0x08004a58       0xbc C:\Users\NCKU_LAB\workspace\stm32f746g-disco_hal_lib\Debug\libstm32f746g-disco_hal_lib.a(stm32746g_discovery_lcd.o)
                0x08004a58                BSP_LCD_DrawHLine
 .text.BSP_LCD_DrawVLine
                0x08004b14       0xc4 C:\Users\NCKU_LAB\workspace\stm32f746g-disco_hal_lib\Debug\libstm32f746g-disco_hal_lib.a(stm32746g_discovery_lcd.o)
                0x08004b14                BSP_LCD_DrawVLine
 .text.BSP_LCD_DrawRect
                0x08004bd8       0x62 C:\Users\NCKU_LAB\workspace\stm32f746g-disco_hal_lib\Debug\libstm32f746g-disco_hal_lib.a(stm32746g_discovery_lcd.o)
                0x08004bd8                BSP_LCD_DrawRect
 *fill*         0x08004c3a        0x2 
 .text.BSP_LCD_DrawPixel
                0x08004c3c       0x90 C:\Users\NCKU_LAB\workspace\stm32f746g-disco_hal_lib\Debug\libstm32f746g-disco_hal_lib.a(stm32746g_discovery_lcd.o)
                0x08004c3c                BSP_LCD_DrawPixel
 .text.BSP_LCD_DisplayOn
                0x08004ccc       0x3c C:\Users\NCKU_LAB\workspace\stm32f746g-disco_hal_lib\Debug\libstm32f746g-disco_hal_lib.a(stm32746g_discovery_lcd.o)
                0x08004ccc                BSP_LCD_DisplayOn
 .text.BSP_LCD_MspInit
                0x08004d08      0x1b4 C:\Users\NCKU_LAB\workspace\stm32f746g-disco_hal_lib\Debug\libstm32f746g-disco_hal_lib.a(stm32746g_discovery_lcd.o)
                0x08004d08                BSP_LCD_MspInit
 .text.BSP_LCD_ClockConfig
                0x08004ebc       0x38 C:\Users\NCKU_LAB\workspace\stm32f746g-disco_hal_lib\Debug\libstm32f746g-disco_hal_lib.a(stm32746g_discovery_lcd.o)
                0x08004ebc                BSP_LCD_ClockConfig
 .text.DrawChar
                0x08004ef4      0x170 C:\Users\NCKU_LAB\workspace\stm32f746g-disco_hal_lib\Debug\libstm32f746g-disco_hal_lib.a(stm32746g_discovery_lcd.o)
 .text.LL_FillBuffer
                0x08005064       0x98 C:\Users\NCKU_LAB\workspace\stm32f746g-disco_hal_lib\Debug\libstm32f746g-disco_hal_lib.a(stm32746g_discovery_lcd.o)
 .text.BSP_SDRAM_Init
                0x080050fc       0xbc C:\Users\NCKU_LAB\workspace\stm32f746g-disco_hal_lib\Debug\libstm32f746g-disco_hal_lib.a(stm32746g_discovery_sdram.o)
                0x080050fc                BSP_SDRAM_Init
 .text.BSP_SDRAM_Initialization_sequence
                0x080051b8       0xc0 C:\Users\NCKU_LAB\workspace\stm32f746g-disco_hal_lib\Debug\libstm32f746g-disco_hal_lib.a(stm32746g_discovery_sdram.o)
                0x080051b8                BSP_SDRAM_Initialization_sequence
 .text.BSP_SDRAM_MspInit
                0x08005278      0x1f0 C:\Users\NCKU_LAB\workspace\stm32f746g-disco_hal_lib\Debug\libstm32f746g-disco_hal_lib.a(stm32746g_discovery_sdram.o)
                0x08005278                BSP_SDRAM_MspInit
 .text.HAL_DMA_Init
                0x08005468      0x15c C:\Users\NCKU_LAB\workspace\stm32f746g-disco_hal_lib\Debug\libstm32f746g-disco_hal_lib.a(stm32f7xx_hal_dma.o)
                0x08005468                HAL_DMA_Init
 .text.HAL_DMA_DeInit
                0x080055c4       0xbc C:\Users\NCKU_LAB\workspace\stm32f746g-disco_hal_lib\Debug\libstm32f746g-disco_hal_lib.a(stm32f7xx_hal_dma.o)
                0x080055c4                HAL_DMA_DeInit
 .text.DMA_CalcBaseAndBitshift
                0x08005680       0x6c C:\Users\NCKU_LAB\workspace\stm32f746g-disco_hal_lib\Debug\libstm32f746g-disco_hal_lib.a(stm32f7xx_hal_dma.o)
 .text.DMA_CheckFifoParam
                0x080056ec       0xf4 C:\Users\NCKU_LAB\workspace\stm32f746g-disco_hal_lib\Debug\libstm32f746g-disco_hal_lib.a(stm32f7xx_hal_dma.o)
 .text.HAL_DMA2D_Init
                0x080057e0       0x94 C:\Users\NCKU_LAB\workspace\stm32f746g-disco_hal_lib\Debug\libstm32f746g-disco_hal_lib.a(stm32f7xx_hal_dma2d.o)
                0x080057e0                HAL_DMA2D_Init
 .text.HAL_DMA2D_MspInit
                0x08005874       0x14 C:\Users\NCKU_LAB\workspace\stm32f746g-disco_hal_lib\Debug\libstm32f746g-disco_hal_lib.a(stm32f7xx_hal_dma2d.o)
                0x08005874                HAL_DMA2D_MspInit
 .text.HAL_DMA2D_Start
                0x08005888       0x56 C:\Users\NCKU_LAB\workspace\stm32f746g-disco_hal_lib\Debug\libstm32f746g-disco_hal_lib.a(stm32f7xx_hal_dma2d.o)
                0x08005888                HAL_DMA2D_Start
 .text.HAL_DMA2D_PollForTransfer
                0x080058de      0x1d0 C:\Users\NCKU_LAB\workspace\stm32f746g-disco_hal_lib\Debug\libstm32f746g-disco_hal_lib.a(stm32f7xx_hal_dma2d.o)
                0x080058de                HAL_DMA2D_PollForTransfer
 *fill*         0x08005aae        0x2 
 .text.HAL_DMA2D_ConfigLayer
                0x08005ab0      0x12c C:\Users\NCKU_LAB\workspace\stm32f746g-disco_hal_lib\Debug\libstm32f746g-disco_hal_lib.a(stm32f7xx_hal_dma2d.o)
                0x08005ab0                HAL_DMA2D_ConfigLayer
 .text.DMA2D_SetConfig
                0x08005bdc      0x14c C:\Users\NCKU_LAB\workspace\stm32f746g-disco_hal_lib\Debug\libstm32f746g-disco_hal_lib.a(stm32f7xx_hal_dma2d.o)
 .text.HAL_LTDC_Init
                0x08005d28      0x1b8 C:\Users\NCKU_LAB\workspace\stm32f746g-disco_hal_lib\Debug\libstm32f746g-disco_hal_lib.a(stm32f7xx_hal_ltdc.o)
                0x08005d28                HAL_LTDC_Init
 .text.HAL_LTDC_MspInit
                0x08005ee0       0x14 C:\Users\NCKU_LAB\workspace\stm32f746g-disco_hal_lib\Debug\libstm32f746g-disco_hal_lib.a(stm32f7xx_hal_ltdc.o)
                0x08005ee0                HAL_LTDC_MspInit
 .text.HAL_LTDC_ConfigLayer
                0x08005ef4       0x7c C:\Users\NCKU_LAB\workspace\stm32f746g-disco_hal_lib\Debug\libstm32f746g-disco_hal_lib.a(stm32f7xx_hal_ltdc.o)
                0x08005ef4                HAL_LTDC_ConfigLayer
 .text.HAL_LTDC_GetState
                0x08005f70       0x1c C:\Users\NCKU_LAB\workspace\stm32f746g-disco_hal_lib\Debug\libstm32f746g-disco_hal_lib.a(stm32f7xx_hal_ltdc.o)
                0x08005f70                HAL_LTDC_GetState
 .text.LTDC_SetConfig
                0x08005f8c      0x340 C:\Users\NCKU_LAB\workspace\stm32f746g-disco_hal_lib\Debug\libstm32f746g-disco_hal_lib.a(stm32f7xx_hal_ltdc.o)
 .text.HAL_RCCEx_PeriphCLKConfig
                0x080062cc      0x7dc C:\Users\NCKU_LAB\workspace\stm32f746g-disco_hal_lib\Debug\libstm32f746g-disco_hal_lib.a(stm32f7xx_hal_rcc_ex.o)
                0x080062cc                HAL_RCCEx_PeriphCLKConfig
 .text.HAL_SDRAM_Init
                0x08006aa8       0x68 C:\Users\NCKU_LAB\workspace\stm32f746g-disco_hal_lib\Debug\libstm32f746g-disco_hal_lib.a(stm32f7xx_hal_sdram.o)
                0x08006aa8                HAL_SDRAM_Init
 .text.HAL_SDRAM_MspInit
                0x08006b10       0x14 C:\Users\NCKU_LAB\workspace\stm32f746g-disco_hal_lib\Debug\libstm32f746g-disco_hal_lib.a(stm32f7xx_hal_sdram.o)
                0x08006b10                HAL_SDRAM_MspInit
 .text.HAL_SDRAM_SendCommand
                0x08006b24       0x56 C:\Users\NCKU_LAB\workspace\stm32f746g-disco_hal_lib\Debug\libstm32f746g-disco_hal_lib.a(stm32f7xx_hal_sdram.o)
                0x08006b24                HAL_SDRAM_SendCommand
 .text.HAL_SDRAM_ProgramRefreshRate
                0x08006b7a       0x40 C:\Users\NCKU_LAB\workspace\stm32f746g-disco_hal_lib\Debug\libstm32f746g-disco_hal_lib.a(stm32f7xx_hal_sdram.o)
                0x08006b7a                HAL_SDRAM_ProgramRefreshRate
 *fill*         0x08006bba        0x2 
 .text.FMC_SDRAM_Init
                0x08006bbc       0xe4 C:\Users\NCKU_LAB\workspace\stm32f746g-disco_hal_lib\Debug\libstm32f746g-disco_hal_lib.a(stm32f7xx_ll_fmc.o)
                0x08006bbc                FMC_SDRAM_Init
 .text.FMC_SDRAM_Timing_Init
                0x08006ca0      0x100 C:\Users\NCKU_LAB\workspace\stm32f746g-disco_hal_lib\Debug\libstm32f746g-disco_hal_lib.a(stm32f7xx_ll_fmc.o)
                0x08006ca0                FMC_SDRAM_Timing_Init
 .text.FMC_SDRAM_SendCommand
                0x08006da0       0x42 C:\Users\NCKU_LAB\workspace\stm32f746g-disco_hal_lib\Debug\libstm32f746g-disco_hal_lib.a(stm32f7xx_ll_fmc.o)
                0x08006da0                FMC_SDRAM_SendCommand
 .text.FMC_SDRAM_ProgramRefreshRate
                0x08006de2       0x26 C:\Users\NCKU_LAB\workspace\stm32f746g-disco_hal_lib\Debug\libstm32f746g-disco_hal_lib.a(stm32f7xx_ll_fmc.o)
                0x08006de2                FMC_SDRAM_ProgramRefreshRate
 .text.__errno  0x08006e08        0xc c:/ac6/systemworkbench/plugins/fr.ac6.mcu.externaltools.arm-none.win32_1.17.0.201812190825/tools/compiler/bin/../lib/gcc/arm-none-eabi/7.3.1/../../../../arm-none-eabi/lib/thumb/v7e-m/fpv4-sp/hard\libc.a(lib_a-errno.o)
                0x08006e08                __errno
 .text.__libc_init_array
                0x08006e14       0x48 c:/ac6/systemworkbench/plugins/fr.ac6.mcu.externaltools.arm-none.win32_1.17.0.201812190825/tools/compiler/bin/../lib/gcc/arm-none-eabi/7.3.1/../../../../arm-none-eabi/lib/thumb/v7e-m/fpv4-sp/hard\libc.a(lib_a-init.o)
                0x08006e14                __libc_init_array
 .text.memset   0x08006e5c       0x94 c:/ac6/systemworkbench/plugins/fr.ac6.mcu.externaltools.arm-none.win32_1.17.0.201812190825/tools/compiler/bin/../lib/gcc/arm-none-eabi/7.3.1/../../../../arm-none-eabi/lib/thumb/v7e-m/fpv4-sp/hard\libc.a(lib_a-memset.o)
                0x08006e5c                memset
 .text.sprintf  0x08006ef0       0x44 c:/ac6/systemworkbench/plugins/fr.ac6.mcu.externaltools.arm-none.win32_1.17.0.201812190825/tools/compiler/bin/../lib/gcc/arm-none-eabi/7.3.1/../../../../arm-none-eabi/lib/thumb/v7e-m/fpv4-sp/hard\libc.a(lib_a-sprintf.o)
                0x08006ef0                sprintf
 *fill*         0x08006f34        0x4 
 .text._svfprintf_r
                0x08006f38     0x19cc c:/ac6/systemworkbench/plugins/fr.ac6.mcu.externaltools.arm-none.win32_1.17.0.201812190825/tools/compiler/bin/../lib/gcc/arm-none-eabi/7.3.1/../../../../arm-none-eabi/lib/thumb/v7e-m/fpv4-sp/hard\libc.a(lib_a-svfprintf.o)
                0x08006f38                _svfprintf_r
 .text.startup.register_fini
                0x08008904       0x14 c:/ac6/systemworkbench/plugins/fr.ac6.mcu.externaltools.arm-none.win32_1.17.0.201812190825/tools/compiler/bin/../lib/gcc/arm-none-eabi/7.3.1/../../../../arm-none-eabi/lib/thumb/v7e-m/fpv4-sp/hard\libc.a(lib_a-__call_atexit.o)
 .text.atexit   0x08008918        0xc c:/ac6/systemworkbench/plugins/fr.ac6.mcu.externaltools.arm-none.win32_1.17.0.201812190825/tools/compiler/bin/../lib/gcc/arm-none-eabi/7.3.1/../../../../arm-none-eabi/lib/thumb/v7e-m/fpv4-sp/hard\libc.a(lib_a-atexit.o)
                0x08008918                atexit
 .text.quorem   0x08008924      0x124 c:/ac6/systemworkbench/plugins/fr.ac6.mcu.externaltools.arm-none.win32_1.17.0.201812190825/tools/compiler/bin/../lib/gcc/arm-none-eabi/7.3.1/../../../../arm-none-eabi/lib/thumb/v7e-m/fpv4-sp/hard\libc.a(lib_a-dtoa.o)
 .text._dtoa_r  0x08008a48      0xe20 c:/ac6/systemworkbench/plugins/fr.ac6.mcu.externaltools.arm-none.win32_1.17.0.201812190825/tools/compiler/bin/../lib/gcc/arm-none-eabi/7.3.1/../../../../arm-none-eabi/lib/thumb/v7e-m/fpv4-sp/hard\libc.a(lib_a-dtoa.o)
                0x08008a48                _dtoa_r
 .text.__libc_fini_array
                0x08009868       0x34 c:/ac6/systemworkbench/plugins/fr.ac6.mcu.externaltools.arm-none.win32_1.17.0.201812190825/tools/compiler/bin/../lib/gcc/arm-none-eabi/7.3.1/../../../../arm-none-eabi/lib/thumb/v7e-m/fpv4-sp/hard\libc.a(lib_a-fini.o)
                0x08009868                __libc_fini_array
 .text._malloc_trim_r
                0x0800989c       0xa0 c:/ac6/systemworkbench/plugins/fr.ac6.mcu.externaltools.arm-none.win32_1.17.0.201812190825/tools/compiler/bin/../lib/gcc/arm-none-eabi/7.3.1/../../../../arm-none-eabi/lib/thumb/v7e-m/fpv4-sp/hard\libc.a(lib_a-freer.o)
                0x0800989c                _malloc_trim_r
 .text._free_r  0x0800993c      0x1e8 c:/ac6/systemworkbench/plugins/fr.ac6.mcu.externaltools.arm-none.win32_1.17.0.201812190825/tools/compiler/bin/../lib/gcc/arm-none-eabi/7.3.1/../../../../arm-none-eabi/lib/thumb/v7e-m/fpv4-sp/hard\libc.a(lib_a-freer.o)
                0x0800993c                _free_r
 .text._localeconv_r
                0x08009b24       0x1c c:/ac6/systemworkbench/plugins/fr.ac6.mcu.externaltools.arm-none.win32_1.17.0.201812190825/tools/compiler/bin/../lib/gcc/arm-none-eabi/7.3.1/../../../../arm-none-eabi/lib/thumb/v7e-m/fpv4-sp/hard\libc.a(lib_a-localeconv.o)
                0x08009b24                _localeconv_r
 .text.__retarget_lock_acquire_recursive
                0x08009b40        0x4 c:/ac6/systemworkbench/plugins/fr.ac6.mcu.externaltools.arm-none.win32_1.17.0.201812190825/tools/compiler/bin/../lib/gcc/arm-none-eabi/7.3.1/../../../../arm-none-eabi/lib/thumb/v7e-m/fpv4-sp/hard\libc.a(lib_a-lock.o)
                0x08009b40                __retarget_lock_acquire_recursive
 .text.__retarget_lock_release_recursive
                0x08009b44        0x4 c:/ac6/systemworkbench/plugins/fr.ac6.mcu.externaltools.arm-none.win32_1.17.0.201812190825/tools/compiler/bin/../lib/gcc/arm-none-eabi/7.3.1/../../../../arm-none-eabi/lib/thumb/v7e-m/fpv4-sp/hard\libc.a(lib_a-lock.o)
                0x08009b44                __retarget_lock_release_recursive
 .text._malloc_r
                0x08009b48      0x548 c:/ac6/systemworkbench/plugins/fr.ac6.mcu.externaltools.arm-none.win32_1.17.0.201812190825/tools/compiler/bin/../lib/gcc/arm-none-eabi/7.3.1/../../../../arm-none-eabi/lib/thumb/v7e-m/fpv4-sp/hard\libc.a(lib_a-mallocr.o)
                0x08009b48                _malloc_r
 .text.__malloc_lock
                0x0800a090        0xc c:/ac6/systemworkbench/plugins/fr.ac6.mcu.externaltools.arm-none.win32_1.17.0.201812190825/tools/compiler/bin/../lib/gcc/arm-none-eabi/7.3.1/../../../../arm-none-eabi/lib/thumb/v7e-m/fpv4-sp/hard\libc.a(lib_a-mlock.o)
                0x0800a090                __malloc_lock
 .text.__malloc_unlock
                0x0800a09c        0xc c:/ac6/systemworkbench/plugins/fr.ac6.mcu.externaltools.arm-none.win32_1.17.0.201812190825/tools/compiler/bin/../lib/gcc/arm-none-eabi/7.3.1/../../../../arm-none-eabi/lib/thumb/v7e-m/fpv4-sp/hard\libc.a(lib_a-mlock.o)
                0x0800a09c                __malloc_unlock
 .text._Balloc  0x0800a0a8       0x4c c:/ac6/systemworkbench/plugins/fr.ac6.mcu.externaltools.arm-none.win32_1.17.0.201812190825/tools/compiler/bin/../lib/gcc/arm-none-eabi/7.3.1/../../../../arm-none-eabi/lib/thumb/v7e-m/fpv4-sp/hard\libc.a(lib_a-mprec.o)
                0x0800a0a8                _Balloc
 .text._Bfree   0x0800a0f4       0x14 c:/ac6/systemworkbench/plugins/fr.ac6.mcu.externaltools.arm-none.win32_1.17.0.201812190825/tools/compiler/bin/../lib/gcc/arm-none-eabi/7.3.1/../../../../arm-none-eabi/lib/thumb/v7e-m/fpv4-sp/hard\libc.a(lib_a-mprec.o)
                0x0800a0f4                _Bfree
 .text.__multadd
                0x0800a108       0x80 c:/ac6/systemworkbench/plugins/fr.ac6.mcu.externaltools.arm-none.win32_1.17.0.201812190825/tools/compiler/bin/../lib/gcc/arm-none-eabi/7.3.1/../../../../arm-none-eabi/lib/thumb/v7e-m/fpv4-sp/hard\libc.a(lib_a-mprec.o)
                0x0800a108                __multadd
 .text.__hi0bits
                0x0800a188       0x40 c:/ac6/systemworkbench/plugins/fr.ac6.mcu.externaltools.arm-none.win32_1.17.0.201812190825/tools/compiler/bin/../lib/gcc/arm-none-eabi/7.3.1/../../../../arm-none-eabi/lib/thumb/v7e-m/fpv4-sp/hard\libc.a(lib_a-mprec.o)
                0x0800a188                __hi0bits
 .text.__lo0bits
                0x0800a1c8       0x60 c:/ac6/systemworkbench/plugins/fr.ac6.mcu.externaltools.arm-none.win32_1.17.0.201812190825/tools/compiler/bin/../lib/gcc/arm-none-eabi/7.3.1/../../../../arm-none-eabi/lib/thumb/v7e-m/fpv4-sp/hard\libc.a(lib_a-mprec.o)
                0x0800a1c8                __lo0bits
 .text.__i2b    0x0800a228       0x14 c:/ac6/systemworkbench/plugins/fr.ac6.mcu.externaltools.arm-none.win32_1.17.0.201812190825/tools/compiler/bin/../lib/gcc/arm-none-eabi/7.3.1/../../../../arm-none-eabi/lib/thumb/v7e-m/fpv4-sp/hard\libc.a(lib_a-mprec.o)
                0x0800a228                __i2b
 .text.__multiply
                0x0800a23c      0x14c c:/ac6/systemworkbench/plugins/fr.ac6.mcu.externaltools.arm-none.win32_1.17.0.201812190825/tools/compiler/bin/../lib/gcc/arm-none-eabi/7.3.1/../../../../arm-none-eabi/lib/thumb/v7e-m/fpv4-sp/hard\libc.a(lib_a-mprec.o)
                0x0800a23c                __multiply
 .text.__pow5mult
                0x0800a388       0xa0 c:/ac6/systemworkbench/plugins/fr.ac6.mcu.externaltools.arm-none.win32_1.17.0.201812190825/tools/compiler/bin/../lib/gcc/arm-none-eabi/7.3.1/../../../../arm-none-eabi/lib/thumb/v7e-m/fpv4-sp/hard\libc.a(lib_a-mprec.o)
                0x0800a388                __pow5mult
 .text.__lshift
                0x0800a428       0xac c:/ac6/systemworkbench/plugins/fr.ac6.mcu.externaltools.arm-none.win32_1.17.0.201812190825/tools/compiler/bin/../lib/gcc/arm-none-eabi/7.3.1/../../../../arm-none-eabi/lib/thumb/v7e-m/fpv4-sp/hard\libc.a(lib_a-mprec.o)
                0x0800a428                __lshift
 .text.__mcmp   0x0800a4d4       0x38 c:/ac6/systemworkbench/plugins/fr.ac6.mcu.externaltools.arm-none.win32_1.17.0.201812190825/tools/compiler/bin/../lib/gcc/arm-none-eabi/7.3.1/../../../../arm-none-eabi/lib/thumb/v7e-m/fpv4-sp/hard\libc.a(lib_a-mprec.o)
                0x0800a4d4                __mcmp
 .text.__mdiff  0x0800a50c       0xec c:/ac6/systemworkbench/plugins/fr.ac6.mcu.externaltools.arm-none.win32_1.17.0.201812190825/tools/compiler/bin/../lib/gcc/arm-none-eabi/7.3.1/../../../../arm-none-eabi/lib/thumb/v7e-m/fpv4-sp/hard\libc.a(lib_a-mprec.o)
                0x0800a50c                __mdiff
 .text.__d2b    0x0800a5f8       0xc4 c:/ac6/systemworkbench/plugins/fr.ac6.mcu.externaltools.arm-none.win32_1.17.0.201812190825/tools/compiler/bin/../lib/gcc/arm-none-eabi/7.3.1/../../../../arm-none-eabi/lib/thumb/v7e-m/fpv4-sp/hard\libc.a(lib_a-mprec.o)
                0x0800a5f8                __d2b
 .text.frexp    0x0800a6bc       0x68 c:/ac6/systemworkbench/plugins/fr.ac6.mcu.externaltools.arm-none.win32_1.17.0.201812190825/tools/compiler/bin/../lib/gcc/arm-none-eabi/7.3.1/../../../../arm-none-eabi/lib/thumb/v7e-m/fpv4-sp/hard\libc.a(lib_a-s_frexp.o)
                0x0800a6bc                frexp
 .text._sbrk_r  0x0800a724       0x24 c:/ac6/systemworkbench/plugins/fr.ac6.mcu.externaltools.arm-none.win32_1.17.0.201812190825/tools/compiler/bin/../lib/gcc/arm-none-eabi/7.3.1/../../../../arm-none-eabi/lib/thumb/v7e-m/fpv4-sp/hard\libc.a(lib_a-sbrkr.o)
                0x0800a724                _sbrk_r
 .text.strncpy  0x0800a748       0x64 c:/ac6/systemworkbench/plugins/fr.ac6.mcu.externaltools.arm-none.win32_1.17.0.201812190825/tools/compiler/bin/../lib/gcc/arm-none-eabi/7.3.1/../../../../arm-none-eabi/lib/thumb/v7e-m/fpv4-sp/hard\libc.a(lib_a-strncpy.o)
                0x0800a748                strncpy
 .text.__ssprint_r
                0x0800a7ac       0xf4 c:/ac6/systemworkbench/plugins/fr.ac6.mcu.externaltools.arm-none.win32_1.17.0.201812190825/tools/compiler/bin/../lib/gcc/arm-none-eabi/7.3.1/../../../../arm-none-eabi/lib/thumb/v7e-m/fpv4-sp/hard\libc.a(lib_a-svfiprintf.o)
                0x0800a7ac                __ssprint_r
 .text.__register_exitproc
                0x0800a8a0       0xc0 c:/ac6/systemworkbench/plugins/fr.ac6.mcu.externaltools.arm-none.win32_1.17.0.201812190825/tools/compiler/bin/../lib/gcc/arm-none-eabi/7.3.1/../../../../arm-none-eabi/lib/thumb/v7e-m/fpv4-sp/hard\libc.a(lib_a-__atexit.o)
                0x0800a8a0                __register_exitproc
 .text._calloc_r
                0x0800a960       0x68 c:/ac6/systemworkbench/plugins/fr.ac6.mcu.externaltools.arm-none.win32_1.17.0.201812190825/tools/compiler/bin/../lib/gcc/arm-none-eabi/7.3.1/../../../../arm-none-eabi/lib/thumb/v7e-m/fpv4-sp/hard\libc.a(lib_a-callocr.o)
                0x0800a960                _calloc_r
 .text.__ascii_mbtowc
                0x0800a9c8       0x2c c:/ac6/systemworkbench/plugins/fr.ac6.mcu.externaltools.arm-none.win32_1.17.0.201812190825/tools/compiler/bin/../lib/gcc/arm-none-eabi/7.3.1/../../../../arm-none-eabi/lib/thumb/v7e-m/fpv4-sp/hard\libc.a(lib_a-mbtowc_r.o)
                0x0800a9c8                __ascii_mbtowc
 .text.memmove  0x0800a9f4       0xc8 c:/ac6/systemworkbench/plugins/fr.ac6.mcu.externaltools.arm-none.win32_1.17.0.201812190825/tools/compiler/bin/../lib/gcc/arm-none-eabi/7.3.1/../../../../arm-none-eabi/lib/thumb/v7e-m/fpv4-sp/hard\libc.a(lib_a-memmove.o)
                0x0800a9f4                memmove
 .text._realloc_r
                0x0800aabc      0x35c c:/ac6/systemworkbench/plugins/fr.ac6.mcu.externaltools.arm-none.win32_1.17.0.201812190825/tools/compiler/bin/../lib/gcc/arm-none-eabi/7.3.1/../../../../arm-none-eabi/lib/thumb/v7e-m/fpv4-sp/hard\libc.a(lib_a-reallocr.o)
                0x0800aabc                _realloc_r
 .text.__ascii_wctomb
                0x0800ae18       0x1c c:/ac6/systemworkbench/plugins/fr.ac6.mcu.externaltools.arm-none.win32_1.17.0.201812190825/tools/compiler/bin/../lib/gcc/arm-none-eabi/7.3.1/../../../../arm-none-eabi/lib/thumb/v7e-m/fpv4-sp/hard\libc.a(lib_a-wctomb_r.o)
                0x0800ae18                __ascii_wctomb
 *(.glue_7)
 .glue_7        0x0800ae34        0x0 linker stubs
 *(.glue_7t)
 .glue_7t       0x0800ae34        0x0 linker stubs
 *(.eh_frame)
 .eh_frame      0x0800ae34        0x0 c:/ac6/systemworkbench/plugins/fr.ac6.mcu.externaltools.arm-none.win32_1.17.0.201812190825/tools/compiler/bin/../lib/gcc/arm-none-eabi/7.3.1/thumb/v7e-m/fpv4-sp/hard/crtbegin.o
 *(.init)
 .init          0x0800ae34        0x4 c:/ac6/systemworkbench/plugins/fr.ac6.mcu.externaltools.arm-none.win32_1.17.0.201812190825/tools/compiler/bin/../lib/gcc/arm-none-eabi/7.3.1/thumb/v7e-m/fpv4-sp/hard/crti.o
                0x0800ae34                _init
 .init          0x0800ae38        0x8 c:/ac6/systemworkbench/plugins/fr.ac6.mcu.externaltools.arm-none.win32_1.17.0.201812190825/tools/compiler/bin/../lib/gcc/arm-none-eabi/7.3.1/thumb/v7e-m/fpv4-sp/hard/crtn.o
 *(.fini)
 .fini          0x0800ae40        0x4 c:/ac6/systemworkbench/plugins/fr.ac6.mcu.externaltools.arm-none.win32_1.17.0.201812190825/tools/compiler/bin/../lib/gcc/arm-none-eabi/7.3.1/thumb/v7e-m/fpv4-sp/hard/crti.o
                0x0800ae40                _fini
 .fini          0x0800ae44        0x8 c:/ac6/systemworkbench/plugins/fr.ac6.mcu.externaltools.arm-none.win32_1.17.0.201812190825/tools/compiler/bin/../lib/gcc/arm-none-eabi/7.3.1/thumb/v7e-m/fpv4-sp/hard/crtn.o
                0x0800ae4c                . = ALIGN (0x4)
                0x0800ae4c                _etext = .

.vfp11_veneer   0x0800ae4c        0x0
 .vfp11_veneer  0x0800ae4c        0x0 linker stubs

.v4_bx          0x0800ae4c        0x0
 .v4_bx         0x0800ae4c        0x0 linker stubs

.iplt           0x0800ae4c        0x0
 .iplt          0x0800ae4c        0x0 c:/ac6/systemworkbench/plugins/fr.ac6.mcu.externaltools.arm-none.win32_1.17.0.201812190825/tools/compiler/bin/../lib/gcc/arm-none-eabi/7.3.1/thumb/v7e-m/fpv4-sp/hard/crtbegin.o

.rodata         0x0800ae50     0x40a0
                0x0800ae50                . = ALIGN (0x4)
 *(.rodata)
 .rodata        0x0800ae50      0x11a src\main.o
 *fill*         0x0800af6a        0x2 
 .rodata        0x0800af6c       0x18 src\system_stm32f7xx.o
                0x0800af6c                AHBPrescTable
                0x0800af7c                APBPrescTable
 .rodata        0x0800af84     0x3cdc C:\Users\NCKU_LAB\workspace\stm32f746g-disco_hal_lib\Debug\libstm32f746g-disco_hal_lib.a(stm32746g_discovery_lcd.o)
                0x0800af84                Font24_Table
                0x0800ca3c                Font20_Table
                0x0800d914                Font16_Table
                0x0800e4f4                Font12_Table
                0x0800e968                Font8_Table
 .rodata        0x0800ec60        0x8 C:\Users\NCKU_LAB\workspace\stm32f746g-disco_hal_lib\Debug\libstm32f746g-disco_hal_lib.a(stm32f7xx_hal_dma.o)
 *(.rodata*)
 .rodata._global_impure_ptr
                0x0800ec68        0x4 c:/ac6/systemworkbench/plugins/fr.ac6.mcu.externaltools.arm-none.win32_1.17.0.201812190825/tools/compiler/bin/../lib/gcc/arm-none-eabi/7.3.1/../../../../arm-none-eabi/lib/thumb/v7e-m/fpv4-sp/hard\libc.a(lib_a-impure.o)
                0x0800ec68                _global_impure_ptr
 .rodata._svfprintf_r.str1.4
                0x0800ec6c       0x42 c:/ac6/systemworkbench/plugins/fr.ac6.mcu.externaltools.arm-none.win32_1.17.0.201812190825/tools/compiler/bin/../lib/gcc/arm-none-eabi/7.3.1/../../../../arm-none-eabi/lib/thumb/v7e-m/fpv4-sp/hard\libc.a(lib_a-svfprintf.o)
 *fill*         0x0800ecae        0x2 
 .rodata.blanks.8590
                0x0800ecb0       0x10 c:/ac6/systemworkbench/plugins/fr.ac6.mcu.externaltools.arm-none.win32_1.17.0.201812190825/tools/compiler/bin/../lib/gcc/arm-none-eabi/7.3.1/../../../../arm-none-eabi/lib/thumb/v7e-m/fpv4-sp/hard\libc.a(lib_a-svfprintf.o)
 .rodata.zeroes.8591
                0x0800ecc0       0x10 c:/ac6/systemworkbench/plugins/fr.ac6.mcu.externaltools.arm-none.win32_1.17.0.201812190825/tools/compiler/bin/../lib/gcc/arm-none-eabi/7.3.1/../../../../arm-none-eabi/lib/thumb/v7e-m/fpv4-sp/hard\libc.a(lib_a-svfprintf.o)
 .rodata._dtoa_r.str1.4
                0x0800ecd0       0x10 c:/ac6/systemworkbench/plugins/fr.ac6.mcu.externaltools.arm-none.win32_1.17.0.201812190825/tools/compiler/bin/../lib/gcc/arm-none-eabi/7.3.1/../../../../arm-none-eabi/lib/thumb/v7e-m/fpv4-sp/hard\libc.a(lib_a-dtoa.o)
                                 0x12 (size before relaxing)
 .rodata.__mprec_bigtens
                0x0800ece0       0x28 c:/ac6/systemworkbench/plugins/fr.ac6.mcu.externaltools.arm-none.win32_1.17.0.201812190825/tools/compiler/bin/../lib/gcc/arm-none-eabi/7.3.1/../../../../arm-none-eabi/lib/thumb/v7e-m/fpv4-sp/hard\libc.a(lib_a-mprec.o)
                0x0800ece0                __mprec_bigtens
 .rodata.__mprec_tens
                0x0800ed08       0xc8 c:/ac6/systemworkbench/plugins/fr.ac6.mcu.externaltools.arm-none.win32_1.17.0.201812190825/tools/compiler/bin/../lib/gcc/arm-none-eabi/7.3.1/../../../../arm-none-eabi/lib/thumb/v7e-m/fpv4-sp/hard\libc.a(lib_a-mprec.o)
                0x0800ed08                __mprec_tens
 .rodata.p05.7367
                0x0800edd0        0xc c:/ac6/systemworkbench/plugins/fr.ac6.mcu.externaltools.arm-none.win32_1.17.0.201812190825/tools/compiler/bin/../lib/gcc/arm-none-eabi/7.3.1/../../../../arm-none-eabi/lib/thumb/v7e-m/fpv4-sp/hard\libc.a(lib_a-mprec.o)
 .rodata._setlocale_r.str1.4
                0x0800eddc        0xa c:/ac6/systemworkbench/plugins/fr.ac6.mcu.externaltools.arm-none.win32_1.17.0.201812190825/tools/compiler/bin/../lib/gcc/arm-none-eabi/7.3.1/../../../../arm-none-eabi/lib/thumb/v7e-m/fpv4-sp/hard\libc.a(lib_a-locale.o)
                                  0xd (size before relaxing)
 *fill*         0x0800ede6        0x2 
 .rodata.str1.4
                0x0800ede8        0x4 c:/ac6/systemworkbench/plugins/fr.ac6.mcu.externaltools.arm-none.win32_1.17.0.201812190825/tools/compiler/bin/../lib/gcc/arm-none-eabi/7.3.1/../../../../arm-none-eabi/lib/thumb/v7e-m/fpv4-sp/hard\libc.a(lib_a-locale.o)
                                  0x2 (size before relaxing)
 .rodata._ctype_
                0x0800edec      0x101 c:/ac6/systemworkbench/plugins/fr.ac6.mcu.externaltools.arm-none.win32_1.17.0.201812190825/tools/compiler/bin/../lib/gcc/arm-none-eabi/7.3.1/../../../../arm-none-eabi/lib/thumb/v7e-m/fpv4-sp/hard\libc.a(lib_a-ctype_.o)
                0x0800edec                _ctype_
                0x0800eef0                . = ALIGN (0x4)
 *fill*         0x0800eeed        0x3 

.ARM.extab
 *(.ARM.extab* .gnu.linkonce.armextab.*)

.ARM            0x0800eef0        0x8
                0x0800eef0                __exidx_start = .
 *(.ARM.exidx*)
 .ARM.exidx     0x0800eef0        0x8 c:/ac6/systemworkbench/plugins/fr.ac6.mcu.externaltools.arm-none.win32_1.17.0.201812190825/tools/compiler/bin/../lib/gcc/arm-none-eabi/7.3.1/thumb/v7e-m/fpv4-sp/hard\libgcc.a(_udivmoddi4.o)
                0x0800eef8                __exidx_end = .

.rel.dyn        0x0800eef8        0x0
 .rel.iplt      0x0800eef8        0x0 c:/ac6/systemworkbench/plugins/fr.ac6.mcu.externaltools.arm-none.win32_1.17.0.201812190825/tools/compiler/bin/../lib/gcc/arm-none-eabi/7.3.1/thumb/v7e-m/fpv4-sp/hard/crtbegin.o

.preinit_array  0x0800eef8        0x0
                0x0800eef8                PROVIDE (__preinit_array_start = .)
 *(.preinit_array*)
                0x0800eef8                PROVIDE (__preinit_array_end = .)

.init_array     0x0800eef8        0x8
                0x0800eef8                PROVIDE (__init_array_start = .)
 *(SORT_BY_NAME(.init_array.*))
 .init_array.00000
                0x0800eef8        0x4 c:/ac6/systemworkbench/plugins/fr.ac6.mcu.externaltools.arm-none.win32_1.17.0.201812190825/tools/compiler/bin/../lib/gcc/arm-none-eabi/7.3.1/../../../../arm-none-eabi/lib/thumb/v7e-m/fpv4-sp/hard\libc.a(lib_a-__call_atexit.o)
 *(.init_array*)
 .init_array    0x0800eefc        0x4 c:/ac6/systemworkbench/plugins/fr.ac6.mcu.externaltools.arm-none.win32_1.17.0.201812190825/tools/compiler/bin/../lib/gcc/arm-none-eabi/7.3.1/thumb/v7e-m/fpv4-sp/hard/crtbegin.o
                0x0800ef00                PROVIDE (__init_array_end = .)

.fini_array     0x0800ef00        0x4
                0x0800ef00                PROVIDE (__fini_array_start = .)
 *(SORT_BY_NAME(.fini_array.*))
 *(.fini_array*)
 .fini_array    0x0800ef00        0x4 c:/ac6/systemworkbench/plugins/fr.ac6.mcu.externaltools.arm-none.win32_1.17.0.201812190825/tools/compiler/bin/../lib/gcc/arm-none-eabi/7.3.1/thumb/v7e-m/fpv4-sp/hard/crtbegin.o
                0x0800ef04                PROVIDE (__fini_array_end = .)
                0x0800ef04                _sidata = LOADADDR (.data)

.data           0x20000000      0x9e8 load address 0x0800ef04
                0x20000000                . = ALIGN (0x4)
                0x20000000                _sdata = .
 *(.data)
 .data          0x20000000        0x4 src\system_stm32f7xx.o
                0x20000000                SystemCoreClock
 .data          0x20000004        0x5 C:\Users\NCKU_LAB\workspace\stm32f746g-disco_hal_lib\Debug\libstm32f746g-disco_hal_lib.a(stm32f7xx_hal.o)
                0x20000004                uwTickPrio
                0x20000008                uwTickFreq
 *fill*         0x20000009        0x3 
 .data          0x2000000c       0x28 C:\Users\NCKU_LAB\workspace\stm32f746g-disco_hal_lib\Debug\libstm32f746g-disco_hal_lib.a(stm32746g_discovery_lcd.o)
                0x2000000c                Font24
                0x20000014                Font20
                0x2000001c                Font16
                0x20000024                Font12
                0x2000002c                Font8
 .data          0x20000034        0x2 C:\Users\NCKU_LAB\workspace\stm32f746g-disco_hal_lib\Debug\libstm32f746g-disco_hal_lib.a(stm32746g_discovery_sdram.o)
 *(.data*)
 *fill*         0x20000036        0x2 
 .data._impure_ptr
                0x20000038        0x4 c:/ac6/systemworkbench/plugins/fr.ac6.mcu.externaltools.arm-none.win32_1.17.0.201812190825/tools/compiler/bin/../lib/gcc/arm-none-eabi/7.3.1/../../../../arm-none-eabi/lib/thumb/v7e-m/fpv4-sp/hard\libc.a(lib_a-impure.o)
                0x20000038                _impure_ptr
 *fill*         0x2000003c        0x4 
 .data.impure_data
                0x20000040      0x428 c:/ac6/systemworkbench/plugins/fr.ac6.mcu.externaltools.arm-none.win32_1.17.0.201812190825/tools/compiler/bin/../lib/gcc/arm-none-eabi/7.3.1/../../../../arm-none-eabi/lib/thumb/v7e-m/fpv4-sp/hard\libc.a(lib_a-impure.o)
 .data.__atexit_recursive_mutex
                0x20000468        0x4 c:/ac6/systemworkbench/plugins/fr.ac6.mcu.externaltools.arm-none.win32_1.17.0.201812190825/tools/compiler/bin/../lib/gcc/arm-none-eabi/7.3.1/../../../../arm-none-eabi/lib/thumb/v7e-m/fpv4-sp/hard\libc.a(lib_a-__call_atexit.o)
                0x20000468                __atexit_recursive_mutex
 .data.__malloc_av_
                0x2000046c      0x408 c:/ac6/systemworkbench/plugins/fr.ac6.mcu.externaltools.arm-none.win32_1.17.0.201812190825/tools/compiler/bin/../lib/gcc/arm-none-eabi/7.3.1/../../../../arm-none-eabi/lib/thumb/v7e-m/fpv4-sp/hard\libc.a(lib_a-mallocr.o)
                0x2000046c                __malloc_av_
 .data.__malloc_sbrk_base
                0x20000874        0x4 c:/ac6/systemworkbench/plugins/fr.ac6.mcu.externaltools.arm-none.win32_1.17.0.201812190825/tools/compiler/bin/../lib/gcc/arm-none-eabi/7.3.1/../../../../arm-none-eabi/lib/thumb/v7e-m/fpv4-sp/hard\libc.a(lib_a-mallocr.o)
                0x20000874                __malloc_sbrk_base
 .data.__malloc_trim_threshold
                0x20000878        0x4 c:/ac6/systemworkbench/plugins/fr.ac6.mcu.externaltools.arm-none.win32_1.17.0.201812190825/tools/compiler/bin/../lib/gcc/arm-none-eabi/7.3.1/../../../../arm-none-eabi/lib/thumb/v7e-m/fpv4-sp/hard\libc.a(lib_a-mallocr.o)
                0x20000878                __malloc_trim_threshold
 .data.__global_locale
                0x2000087c      0x16c c:/ac6/systemworkbench/plugins/fr.ac6.mcu.externaltools.arm-none.win32_1.17.0.201812190825/tools/compiler/bin/../lib/gcc/arm-none-eabi/7.3.1/../../../../arm-none-eabi/lib/thumb/v7e-m/fpv4-sp/hard\libc.a(lib_a-locale.o)
                0x2000087c                __global_locale
                0x200009e8                . = ALIGN (0x4)
                0x200009e8                _edata = .

.igot.plt       0x200009e8        0x0 load address 0x0800f8ec
 .igot.plt      0x200009e8        0x0 c:/ac6/systemworkbench/plugins/fr.ac6.mcu.externaltools.arm-none.win32_1.17.0.201812190825/tools/compiler/bin/../lib/gcc/arm-none-eabi/7.3.1/thumb/v7e-m/fpv4-sp/hard/crtbegin.o
                0x200009e8                . = ALIGN (0x4)

.bss            0x200009e8      0x454 load address 0x0800f8ec
                0x200009e8                _sbss = .
                0x200009e8                __bss_start__ = _sbss
 *(.bss)
 .bss           0x200009e8       0x1c c:/ac6/systemworkbench/plugins/fr.ac6.mcu.externaltools.arm-none.win32_1.17.0.201812190825/tools/compiler/bin/../lib/gcc/arm-none-eabi/7.3.1/thumb/v7e-m/fpv4-sp/hard/crtbegin.o
 .bss           0x20000a04       0x18 src\main.o
                0x20000a04                GYRO_X
                0x20000a06                GYRO_Y
                0x20000a08                GYRO_Z
                0x20000a0a                ACCEL_X
                0x20000a0c                ACCEL_Y
                0x20000a0e                ACCEL_Z
                0x20000a10                Temp
                0x20000a14                uwPrescalerValue
                0x20000a18                i
 .bss           0x20000a1c        0x8 src\syscalls.o
                0x20000a1c                __env
 .bss           0x20000a24       0xe0 C:\Users\NCKU_LAB\workspace\stm32f746g-disco_hal_lib\Debug\libstm32f746g-disco_hal_lib.a(stm32746g_discovery_lcd.o)
 .bss           0x20000b04       0xec C:\Users\NCKU_LAB\workspace\stm32f746g-disco_hal_lib\Debug\libstm32f746g-disco_hal_lib.a(stm32746g_discovery_sdram.o)
 *(.bss*)
 .bss.__malloc_current_mallinfo
                0x20000bf0       0x28 c:/ac6/systemworkbench/plugins/fr.ac6.mcu.externaltools.arm-none.win32_1.17.0.201812190825/tools/compiler/bin/../lib/gcc/arm-none-eabi/7.3.1/../../../../arm-none-eabi/lib/thumb/v7e-m/fpv4-sp/hard\libc.a(lib_a-mallocr.o)
                0x20000bf0                __malloc_current_mallinfo
 .bss.__malloc_max_sbrked_mem
                0x20000c18        0x4 c:/ac6/systemworkbench/plugins/fr.ac6.mcu.externaltools.arm-none.win32_1.17.0.201812190825/tools/compiler/bin/../lib/gcc/arm-none-eabi/7.3.1/../../../../arm-none-eabi/lib/thumb/v7e-m/fpv4-sp/hard\libc.a(lib_a-mallocr.o)
                0x20000c18                __malloc_max_sbrked_mem
 .bss.__malloc_max_total_mem
                0x20000c1c        0x4 c:/ac6/systemworkbench/plugins/fr.ac6.mcu.externaltools.arm-none.win32_1.17.0.201812190825/tools/compiler/bin/../lib/gcc/arm-none-eabi/7.3.1/../../../../arm-none-eabi/lib/thumb/v7e-m/fpv4-sp/hard\libc.a(lib_a-mallocr.o)
                0x20000c1c                __malloc_max_total_mem
 .bss.__malloc_top_pad
                0x20000c20        0x4 c:/ac6/systemworkbench/plugins/fr.ac6.mcu.externaltools.arm-none.win32_1.17.0.201812190825/tools/compiler/bin/../lib/gcc/arm-none-eabi/7.3.1/../../../../arm-none-eabi/lib/thumb/v7e-m/fpv4-sp/hard\libc.a(lib_a-mallocr.o)
                0x20000c20                __malloc_top_pad
 *(COMMON)
 COMMON         0x20000c24      0x110 src\main.o
                0x20000c24                TempR
                0x20000c28                GYRO_XR
                0x20000c30                ACCEL_YR
                0x20000c38                hi2c1
                0x20000c84                GYRO_YRini
                0x20000c8c                ACCEL_ZR
                0x20000c94                ACCEL_ZRini
                0x20000c9c                buffer
                0x20000cbc                GYRO_ZR
                0x20000cc4                GYRO_XRini
                0x20000ccc                GYRO_YR
                0x20000cd4                ACCEL_XRini
                0x20000cdc                GYRO_ZRini
                0x20000ce4                ACCEL_XR
                0x20000cec                ACCEL_YRini
                0x20000cf4                TimHandle
 COMMON         0x20000d34        0x4 C:\Users\NCKU_LAB\workspace\stm32f746g-disco_hal_lib\Debug\libstm32f746g-disco_hal_lib.a(stm32f7xx_hal.o)
                0x20000d34                uwTick
 COMMON         0x20000d38       0xa8 C:\Users\NCKU_LAB\workspace\stm32f746g-disco_hal_lib\Debug\libstm32f746g-disco_hal_lib.a(stm32746g_discovery_lcd.o)
                0x20000d38                hLtdcHandler
 COMMON         0x20000de0       0x34 C:\Users\NCKU_LAB\workspace\stm32f746g-disco_hal_lib\Debug\libstm32f746g-disco_hal_lib.a(stm32746g_discovery_sdram.o)
                0x20000de0                sdramHandle
 COMMON         0x20000e14       0x21 c:/ac6/systemworkbench/plugins/fr.ac6.mcu.externaltools.arm-none.win32_1.17.0.201812190825/tools/compiler/bin/../lib/gcc/arm-none-eabi/7.3.1/../../../../arm-none-eabi/lib/thumb/v7e-m/fpv4-sp/hard\libc.a(lib_a-lock.o)
                0x20000e14                __lock___atexit_recursive_mutex
                0x20000e18                __lock___arc4random_mutex
                0x20000e1c                __lock___env_recursive_mutex
                0x20000e20                __lock___sinit_recursive_mutex
                0x20000e24                __lock___malloc_recursive_mutex
                0x20000e28                __lock___at_quick_exit_mutex
                0x20000e2c                __lock___dd_hash_mutex
                0x20000e30                __lock___tz_mutex
                0x20000e34                __lock___sfp_recursive_mutex
 *fill*         0x20000e35        0x3 
 COMMON         0x20000e38        0x4 c:/ac6/systemworkbench/plugins/fr.ac6.mcu.externaltools.arm-none.win32_1.17.0.201812190825/tools/compiler/bin/../lib/gcc/arm-none-eabi/7.3.1/../../../../arm-none-eabi/lib/thumb/v7e-m/fpv4-sp/hard\libc.a(lib_a-reent.o)
                0x20000e38                errno
                0x20000e3c                . = ALIGN (0x4)
                0x20000e3c                _ebss = .
                0x20000e3c                __bss_end__ = _ebss

._user_heap_stack
                0x20000e3c      0x604 load address 0x0800f8ec
                0x20000e40                . = ALIGN (0x8)
 *fill*         0x20000e3c        0x4 
                0x20000e40                PROVIDE (end = .)
                [!provide]                PROVIDE (_end = .)
                0x20001040                . = (. + _Min_Heap_Size)
 *fill*         0x20000e40      0x200 
                0x20001440                . = (. + _Min_Stack_Size)
 *fill*         0x20001040      0x400 
                0x20001440                . = ALIGN (0x8)

/DISCARD/
 libc.a(*)
 libm.a(*)
 libgcc.a(*)

.ARM.attributes
                0x00000000       0x30
 *(.ARM.attributes)
 .ARM.attributes
                0x00000000       0x22 c:/ac6/systemworkbench/plugins/fr.ac6.mcu.externaltools.arm-none.win32_1.17.0.201812190825/tools/compiler/bin/../lib/gcc/arm-none-eabi/7.3.1/thumb/v7e-m/fpv4-sp/hard/crti.o
 .ARM.attributes
                0x00000022       0x34 c:/ac6/systemworkbench/plugins/fr.ac6.mcu.externaltools.arm-none.win32_1.17.0.201812190825/tools/compiler/bin/../lib/gcc/arm-none-eabi/7.3.1/thumb/v7e-m/fpv4-sp/hard/crtbegin.o
 .ARM.attributes
                0x00000056       0x39 src\main.o
 .ARM.attributes
                0x0000008f       0x39 src\stm32f7xx_it.o
 .ARM.attributes
                0x000000c8       0x39 src\syscalls.o
 .ARM.attributes
                0x00000101       0x39 src\system_stm32f7xx.o
 .ARM.attributes
                0x0000013a       0x21 startup\startup_stm32f746xx.o
 .ARM.attributes
                0x0000015b       0x39 C:\Users\NCKU_LAB\workspace\stm32f746g-disco_hal_lib\Debug\libstm32f746g-disco_hal_lib.a(stm32f7xx_hal.o)
 .ARM.attributes
                0x00000194       0x39 C:\Users\NCKU_LAB\workspace\stm32f746g-disco_hal_lib\Debug\libstm32f746g-disco_hal_lib.a(stm32f7xx_hal_cortex.o)
 .ARM.attributes
                0x000001cd       0x39 C:\Users\NCKU_LAB\workspace\stm32f746g-disco_hal_lib\Debug\libstm32f746g-disco_hal_lib.a(stm32f7xx_hal_gpio.o)
 .ARM.attributes
                0x00000206       0x39 C:\Users\NCKU_LAB\workspace\stm32f746g-disco_hal_lib\Debug\libstm32f746g-disco_hal_lib.a(stm32f7xx_hal_i2c.o)
 .ARM.attributes
                0x0000023f       0x39 C:\Users\NCKU_LAB\workspace\stm32f746g-disco_hal_lib\Debug\libstm32f746g-disco_hal_lib.a(stm32f7xx_hal_pwr_ex.o)
 .ARM.attributes
                0x00000278       0x39 C:\Users\NCKU_LAB\workspace\stm32f746g-disco_hal_lib\Debug\libstm32f746g-disco_hal_lib.a(stm32f7xx_hal_rcc.o)
 .ARM.attributes
                0x000002b1       0x39 C:\Users\NCKU_LAB\workspace\stm32f746g-disco_hal_lib\Debug\libstm32f746g-disco_hal_lib.a(stm32f7xx_hal_tim.o)
 .ARM.attributes
                0x000002ea       0x39 C:\Users\NCKU_LAB\workspace\stm32f746g-disco_hal_lib\Debug\libstm32f746g-disco_hal_lib.a(stm32f7xx_hal_tim_ex.o)
 .ARM.attributes
                0x00000323       0x39 C:\Users\NCKU_LAB\workspace\stm32f746g-disco_hal_lib\Debug\libstm32f746g-disco_hal_lib.a(stm32746g_discovery_lcd.o)
 .ARM.attributes
                0x0000035c       0x39 C:\Users\NCKU_LAB\workspace\stm32f746g-disco_hal_lib\Debug\libstm32f746g-disco_hal_lib.a(stm32746g_discovery_sdram.o)
 .ARM.attributes
                0x00000395       0x39 C:\Users\NCKU_LAB\workspace\stm32f746g-disco_hal_lib\Debug\libstm32f746g-disco_hal_lib.a(stm32f7xx_hal_dma.o)
 .ARM.attributes
                0x000003ce       0x39 C:\Users\NCKU_LAB\workspace\stm32f746g-disco_hal_lib\Debug\libstm32f746g-disco_hal_lib.a(stm32f7xx_hal_dma2d.o)
 .ARM.attributes
                0x00000407       0x39 C:\Users\NCKU_LAB\workspace\stm32f746g-disco_hal_lib\Debug\libstm32f746g-disco_hal_lib.a(stm32f7xx_hal_ltdc.o)
 .ARM.attributes
                0x00000440       0x39 C:\Users\NCKU_LAB\workspace\stm32f746g-disco_hal_lib\Debug\libstm32f746g-disco_hal_lib.a(stm32f7xx_hal_rcc_ex.o)
 .ARM.attributes
                0x00000479       0x39 C:\Users\NCKU_LAB\workspace\stm32f746g-disco_hal_lib\Debug\libstm32f746g-disco_hal_lib.a(stm32f7xx_hal_sdram.o)
 .ARM.attributes
                0x000004b2       0x39 C:\Users\NCKU_LAB\workspace\stm32f746g-disco_hal_lib\Debug\libstm32f746g-disco_hal_lib.a(stm32f7xx_ll_fmc.o)
 .ARM.attributes
                0x000004eb       0x22 c:/ac6/systemworkbench/plugins/fr.ac6.mcu.externaltools.arm-none.win32_1.17.0.201812190825/tools/compiler/bin/../lib/gcc/arm-none-eabi/7.3.1/thumb/v7e-m/fpv4-sp/hard\libgcc.a(_arm_addsubdf3.o)
 .ARM.attributes
                0x0000050d       0x22 c:/ac6/systemworkbench/plugins/fr.ac6.mcu.externaltools.arm-none.win32_1.17.0.201812190825/tools/compiler/bin/../lib/gcc/arm-none-eabi/7.3.1/thumb/v7e-m/fpv4-sp/hard\libgcc.a(_arm_muldivdf3.o)
 .ARM.attributes
                0x0000052f       0x22 c:/ac6/systemworkbench/plugins/fr.ac6.mcu.externaltools.arm-none.win32_1.17.0.201812190825/tools/compiler/bin/../lib/gcc/arm-none-eabi/7.3.1/thumb/v7e-m/fpv4-sp/hard\libgcc.a(_arm_fixdfsi.o)
 .ARM.attributes
                0x00000551       0x22 c:/ac6/systemworkbench/plugins/fr.ac6.mcu.externaltools.arm-none.win32_1.17.0.201812190825/tools/compiler/bin/../lib/gcc/arm-none-eabi/7.3.1/thumb/v7e-m/fpv4-sp/hard\libgcc.a(_arm_truncdfsf2.o)
 .ARM.attributes
                0x00000573       0x22 c:/ac6/systemworkbench/plugins/fr.ac6.mcu.externaltools.arm-none.win32_1.17.0.201812190825/tools/compiler/bin/../lib/gcc/arm-none-eabi/7.3.1/thumb/v7e-m/fpv4-sp/hard\libgcc.a(_aeabi_uldivmod.o)
 .ARM.attributes
                0x00000595       0x34 c:/ac6/systemworkbench/plugins/fr.ac6.mcu.externaltools.arm-none.win32_1.17.0.201812190825/tools/compiler/bin/../lib/gcc/arm-none-eabi/7.3.1/thumb/v7e-m/fpv4-sp/hard\libgcc.a(_udivmoddi4.o)
 .ARM.attributes
                0x000005c9       0x22 c:/ac6/systemworkbench/plugins/fr.ac6.mcu.externaltools.arm-none.win32_1.17.0.201812190825/tools/compiler/bin/../lib/gcc/arm-none-eabi/7.3.1/thumb/v7e-m/fpv4-sp/hard\libgcc.a(_dvmd_tls.o)
 .ARM.attributes
                0x000005eb       0x34 c:/ac6/systemworkbench/plugins/fr.ac6.mcu.externaltools.arm-none.win32_1.17.0.201812190825/tools/compiler/bin/../lib/gcc/arm-none-eabi/7.3.1/../../../../arm-none-eabi/lib/thumb/v7e-m/fpv4-sp/hard\libc.a(lib_a-errno.o)
 .ARM.attributes
                0x0000061f       0x34 c:/ac6/systemworkbench/plugins/fr.ac6.mcu.externaltools.arm-none.win32_1.17.0.201812190825/tools/compiler/bin/../lib/gcc/arm-none-eabi/7.3.1/../../../../arm-none-eabi/lib/thumb/v7e-m/fpv4-sp/hard\libc.a(lib_a-impure.o)
 .ARM.attributes
                0x00000653       0x34 c:/ac6/systemworkbench/plugins/fr.ac6.mcu.externaltools.arm-none.win32_1.17.0.201812190825/tools/compiler/bin/../lib/gcc/arm-none-eabi/7.3.1/../../../../arm-none-eabi/lib/thumb/v7e-m/fpv4-sp/hard\libc.a(lib_a-init.o)
 .ARM.attributes
                0x00000687       0x34 c:/ac6/systemworkbench/plugins/fr.ac6.mcu.externaltools.arm-none.win32_1.17.0.201812190825/tools/compiler/bin/../lib/gcc/arm-none-eabi/7.3.1/../../../../arm-none-eabi/lib/thumb/v7e-m/fpv4-sp/hard\libc.a(lib_a-memset.o)
 .ARM.attributes
                0x000006bb       0x34 c:/ac6/systemworkbench/plugins/fr.ac6.mcu.externaltools.arm-none.win32_1.17.0.201812190825/tools/compiler/bin/../lib/gcc/arm-none-eabi/7.3.1/../../../../arm-none-eabi/lib/thumb/v7e-m/fpv4-sp/hard\libc.a(lib_a-sprintf.o)
 .ARM.attributes
                0x000006ef       0x34 c:/ac6/systemworkbench/plugins/fr.ac6.mcu.externaltools.arm-none.win32_1.17.0.201812190825/tools/compiler/bin/../lib/gcc/arm-none-eabi/7.3.1/../../../../arm-none-eabi/lib/thumb/v7e-m/fpv4-sp/hard\libc.a(lib_a-svfprintf.o)
 .ARM.attributes
                0x00000723       0x34 c:/ac6/systemworkbench/plugins/fr.ac6.mcu.externaltools.arm-none.win32_1.17.0.201812190825/tools/compiler/bin/../lib/gcc/arm-none-eabi/7.3.1/../../../../arm-none-eabi/lib/thumb/v7e-m/fpv4-sp/hard\libc.a(lib_a-__call_atexit.o)
 .ARM.attributes
                0x00000757       0x34 c:/ac6/systemworkbench/plugins/fr.ac6.mcu.externaltools.arm-none.win32_1.17.0.201812190825/tools/compiler/bin/../lib/gcc/arm-none-eabi/7.3.1/../../../../arm-none-eabi/lib/thumb/v7e-m/fpv4-sp/hard\libc.a(lib_a-atexit.o)
 .ARM.attributes
                0x0000078b       0x34 c:/ac6/systemworkbench/plugins/fr.ac6.mcu.externaltools.arm-none.win32_1.17.0.201812190825/tools/compiler/bin/../lib/gcc/arm-none-eabi/7.3.1/../../../../arm-none-eabi/lib/thumb/v7e-m/fpv4-sp/hard\libc.a(lib_a-dtoa.o)
 .ARM.attributes
                0x000007bf       0x34 c:/ac6/systemworkbench/plugins/fr.ac6.mcu.externaltools.arm-none.win32_1.17.0.201812190825/tools/compiler/bin/../lib/gcc/arm-none-eabi/7.3.1/../../../../arm-none-eabi/lib/thumb/v7e-m/fpv4-sp/hard\libc.a(lib_a-fini.o)
 .ARM.attributes
                0x000007f3       0x34 c:/ac6/systemworkbench/plugins/fr.ac6.mcu.externaltools.arm-none.win32_1.17.0.201812190825/tools/compiler/bin/../lib/gcc/arm-none-eabi/7.3.1/../../../../arm-none-eabi/lib/thumb/v7e-m/fpv4-sp/hard\libc.a(lib_a-freer.o)
 .ARM.attributes
                0x00000827       0x34 c:/ac6/systemworkbench/plugins/fr.ac6.mcu.externaltools.arm-none.win32_1.17.0.201812190825/tools/compiler/bin/../lib/gcc/arm-none-eabi/7.3.1/../../../../arm-none-eabi/lib/thumb/v7e-m/fpv4-sp/hard\libc.a(lib_a-localeconv.o)
 .ARM.attributes
                0x0000085b       0x34 c:/ac6/systemworkbench/plugins/fr.ac6.mcu.externaltools.arm-none.win32_1.17.0.201812190825/tools/compiler/bin/../lib/gcc/arm-none-eabi/7.3.1/../../../../arm-none-eabi/lib/thumb/v7e-m/fpv4-sp/hard\libc.a(lib_a-lock.o)
 .ARM.attributes
                0x0000088f       0x34 c:/ac6/systemworkbench/plugins/fr.ac6.mcu.externaltools.arm-none.win32_1.17.0.201812190825/tools/compiler/bin/../lib/gcc/arm-none-eabi/7.3.1/../../../../arm-none-eabi/lib/thumb/v7e-m/fpv4-sp/hard\libc.a(lib_a-mallocr.o)
 .ARM.attributes
                0x000008c3       0x20 c:/ac6/systemworkbench/plugins/fr.ac6.mcu.externaltools.arm-none.win32_1.17.0.201812190825/tools/compiler/bin/../lib/gcc/arm-none-eabi/7.3.1/../../../../arm-none-eabi/lib/thumb/v7e-m/fpv4-sp/hard\libc.a(lib_a-memchr.o)
 .ARM.attributes
                0x000008e3       0x20 c:/ac6/systemworkbench/plugins/fr.ac6.mcu.externaltools.arm-none.win32_1.17.0.201812190825/tools/compiler/bin/../lib/gcc/arm-none-eabi/7.3.1/../../../../arm-none-eabi/lib/thumb/v7e-m/fpv4-sp/hard\libc.a(lib_a-memcpy.o)
 .ARM.attributes
                0x00000903       0x34 c:/ac6/systemworkbench/plugins/fr.ac6.mcu.externaltools.arm-none.win32_1.17.0.201812190825/tools/compiler/bin/../lib/gcc/arm-none-eabi/7.3.1/../../../../arm-none-eabi/lib/thumb/v7e-m/fpv4-sp/hard\libc.a(lib_a-mlock.o)
 .ARM.attributes
                0x00000937       0x34 c:/ac6/systemworkbench/plugins/fr.ac6.mcu.externaltools.arm-none.win32_1.17.0.201812190825/tools/compiler/bin/../lib/gcc/arm-none-eabi/7.3.1/../../../../arm-none-eabi/lib/thumb/v7e-m/fpv4-sp/hard\libc.a(lib_a-mprec.o)
 .ARM.attributes
                0x0000096b       0x34 c:/ac6/systemworkbench/plugins/fr.ac6.mcu.externaltools.arm-none.win32_1.17.0.201812190825/tools/compiler/bin/../lib/gcc/arm-none-eabi/7.3.1/../../../../arm-none-eabi/lib/thumb/v7e-m/fpv4-sp/hard\libc.a(lib_a-s_frexp.o)
 .ARM.attributes
                0x0000099f       0x34 c:/ac6/systemworkbench/plugins/fr.ac6.mcu.externaltools.arm-none.win32_1.17.0.201812190825/tools/compiler/bin/../lib/gcc/arm-none-eabi/7.3.1/../../../../arm-none-eabi/lib/thumb/v7e-m/fpv4-sp/hard\libc.a(lib_a-sbrkr.o)
 .ARM.attributes
                0x000009d3       0x20 c:/ac6/systemworkbench/plugins/fr.ac6.mcu.externaltools.arm-none.win32_1.17.0.201812190825/tools/compiler/bin/../lib/gcc/arm-none-eabi/7.3.1/../../../../arm-none-eabi/lib/thumb/v7e-m/fpv4-sp/hard\libc.a(lib_a-strlen.o)
 .ARM.attributes
                0x000009f3       0x34 c:/ac6/systemworkbench/plugins/fr.ac6.mcu.externaltools.arm-none.win32_1.17.0.201812190825/tools/compiler/bin/../lib/gcc/arm-none-eabi/7.3.1/../../../../arm-none-eabi/lib/thumb/v7e-m/fpv4-sp/hard\libc.a(lib_a-strncpy.o)
 .ARM.attributes
                0x00000a27       0x34 c:/ac6/systemworkbench/plugins/fr.ac6.mcu.externaltools.arm-none.win32_1.17.0.201812190825/tools/compiler/bin/../lib/gcc/arm-none-eabi/7.3.1/../../../../arm-none-eabi/lib/thumb/v7e-m/fpv4-sp/hard\libc.a(lib_a-svfiprintf.o)
 .ARM.attributes
                0x00000a5b       0x34 c:/ac6/systemworkbench/plugins/fr.ac6.mcu.externaltools.arm-none.win32_1.17.0.201812190825/tools/compiler/bin/../lib/gcc/arm-none-eabi/7.3.1/../../../../arm-none-eabi/lib/thumb/v7e-m/fpv4-sp/hard\libc.a(lib_a-__atexit.o)
 .ARM.attributes
                0x00000a8f       0x34 c:/ac6/systemworkbench/plugins/fr.ac6.mcu.externaltools.arm-none.win32_1.17.0.201812190825/tools/compiler/bin/../lib/gcc/arm-none-eabi/7.3.1/../../../../arm-none-eabi/lib/thumb/v7e-m/fpv4-sp/hard\libc.a(lib_a-callocr.o)
 .ARM.attributes
                0x00000ac3       0x34 c:/ac6/systemworkbench/plugins/fr.ac6.mcu.externaltools.arm-none.win32_1.17.0.201812190825/tools/compiler/bin/../lib/gcc/arm-none-eabi/7.3.1/../../../../arm-none-eabi/lib/thumb/v7e-m/fpv4-sp/hard\libc.a(lib_a-locale.o)
 .ARM.attributes
                0x00000af7       0x34 c:/ac6/systemworkbench/plugins/fr.ac6.mcu.externaltools.arm-none.win32_1.17.0.201812190825/tools/compiler/bin/../lib/gcc/arm-none-eabi/7.3.1/../../../../arm-none-eabi/lib/thumb/v7e-m/fpv4-sp/hard\libc.a(lib_a-mbtowc_r.o)
 .ARM.attributes
                0x00000b2b       0x34 c:/ac6/systemworkbench/plugins/fr.ac6.mcu.externaltools.arm-none.win32_1.17.0.201812190825/tools/compiler/bin/../lib/gcc/arm-none-eabi/7.3.1/../../../../arm-none-eabi/lib/thumb/v7e-m/fpv4-sp/hard\libc.a(lib_a-memmove.o)
 .ARM.attributes
                0x00000b5f       0x34 c:/ac6/systemworkbench/plugins/fr.ac6.mcu.externaltools.arm-none.win32_1.17.0.201812190825/tools/compiler/bin/../lib/gcc/arm-none-eabi/7.3.1/../../../../arm-none-eabi/lib/thumb/v7e-m/fpv4-sp/hard\libc.a(lib_a-reallocr.o)
 .ARM.attributes
                0x00000b93       0x34 c:/ac6/systemworkbench/plugins/fr.ac6.mcu.externaltools.arm-none.win32_1.17.0.201812190825/tools/compiler/bin/../lib/gcc/arm-none-eabi/7.3.1/../../../../arm-none-eabi/lib/thumb/v7e-m/fpv4-sp/hard\libc.a(lib_a-reent.o)
 .ARM.attributes
                0x00000bc7       0x34 c:/ac6/systemworkbench/plugins/fr.ac6.mcu.externaltools.arm-none.win32_1.17.0.201812190825/tools/compiler/bin/../lib/gcc/arm-none-eabi/7.3.1/../../../../arm-none-eabi/lib/thumb/v7e-m/fpv4-sp/hard\libc.a(lib_a-wctomb_r.o)
 .ARM.attributes
                0x00000bfb       0x34 c:/ac6/systemworkbench/plugins/fr.ac6.mcu.externaltools.arm-none.win32_1.17.0.201812190825/tools/compiler/bin/../lib/gcc/arm-none-eabi/7.3.1/../../../../arm-none-eabi/lib/thumb/v7e-m/fpv4-sp/hard\libc.a(lib_a-ctype_.o)
 .ARM.attributes
                0x00000c2f       0x22 c:/ac6/systemworkbench/plugins/fr.ac6.mcu.externaltools.arm-none.win32_1.17.0.201812190825/tools/compiler/bin/../lib/gcc/arm-none-eabi/7.3.1/thumb/v7e-m/fpv4-sp/hard\libgcc.a(_arm_cmpdf2.o)
 .ARM.attributes
                0x00000c51       0x22 c:/ac6/systemworkbench/plugins/fr.ac6.mcu.externaltools.arm-none.win32_1.17.0.201812190825/tools/compiler/bin/../lib/gcc/arm-none-eabi/7.3.1/thumb/v7e-m/fpv4-sp/hard\libgcc.a(_arm_unorddf2.o)
 .ARM.attributes
                0x00000c73       0x22 c:/ac6/systemworkbench/plugins/fr.ac6.mcu.externaltools.arm-none.win32_1.17.0.201812190825/tools/compiler/bin/../lib/gcc/arm-none-eabi/7.3.1/thumb/v7e-m/fpv4-sp/hard/crtn.o
OUTPUT(test746.elf elf32-littlearm)

.debug_info     0x00000000    0x1cb3f
 .debug_info    0x00000000     0x2380 src\main.o
 .debug_info    0x00002380      0x94d src\stm32f7xx_it.o
 .debug_info    0x00002ccd      0xf2e src\syscalls.o
 .debug_info    0x00003bfb      0xf0d src\system_stm32f7xx.o
 .debug_info    0x00004b08       0x22 startup\startup_stm32f746xx.o
 .debug_info    0x00004b2a     0x1240 C:\Users\NCKU_LAB\workspace\stm32f746g-disco_hal_lib\Debug\libstm32f746g-disco_hal_lib.a(stm32f7xx_hal.o)
 .debug_info    0x00005d6a     0x1813 C:\Users\NCKU_LAB\workspace\stm32f746g-disco_hal_lib\Debug\libstm32f746g-disco_hal_lib.a(stm32f7xx_hal_cortex.o)
 .debug_info    0x0000757d      0xfad C:\Users\NCKU_LAB\workspace\stm32f746g-disco_hal_lib\Debug\libstm32f746g-disco_hal_lib.a(stm32f7xx_hal_gpio.o)
 .debug_info    0x0000852a     0x241e C:\Users\NCKU_LAB\workspace\stm32f746g-disco_hal_lib\Debug\libstm32f746g-disco_hal_lib.a(stm32f7xx_hal_i2c.o)
 .debug_info    0x0000a948     0x1176 C:\Users\NCKU_LAB\workspace\stm32f746g-disco_hal_lib\Debug\libstm32f746g-disco_hal_lib.a(stm32f7xx_hal_pwr_ex.o)
 .debug_info    0x0000babe     0x10f6 C:\Users\NCKU_LAB\workspace\stm32f746g-disco_hal_lib\Debug\libstm32f746g-disco_hal_lib.a(stm32f7xx_hal_rcc.o)
 .debug_info    0x0000cbb4     0x2a75 C:\Users\NCKU_LAB\workspace\stm32f746g-disco_hal_lib\Debug\libstm32f746g-disco_hal_lib.a(stm32f7xx_hal_tim.o)
 .debug_info    0x0000f629     0x1ad6 C:\Users\NCKU_LAB\workspace\stm32f746g-disco_hal_lib\Debug\libstm32f746g-disco_hal_lib.a(stm32f7xx_hal_tim_ex.o)
 .debug_info    0x000110ff     0x2a32 C:\Users\NCKU_LAB\workspace\stm32f746g-disco_hal_lib\Debug\libstm32f746g-disco_hal_lib.a(stm32746g_discovery_lcd.o)
 .debug_info    0x00013b31     0x16ec C:\Users\NCKU_LAB\workspace\stm32f746g-disco_hal_lib\Debug\libstm32f746g-disco_hal_lib.a(stm32746g_discovery_sdram.o)
 .debug_info    0x0001521d     0x1136 C:\Users\NCKU_LAB\workspace\stm32f746g-disco_hal_lib\Debug\libstm32f746g-disco_hal_lib.a(stm32f7xx_hal_dma.o)
 .debug_info    0x00016353     0x1696 C:\Users\NCKU_LAB\workspace\stm32f746g-disco_hal_lib\Debug\libstm32f746g-disco_hal_lib.a(stm32f7xx_hal_dma2d.o)
 .debug_info    0x000179e9     0x18ce C:\Users\NCKU_LAB\workspace\stm32f746g-disco_hal_lib\Debug\libstm32f746g-disco_hal_lib.a(stm32f7xx_hal_ltdc.o)
 .debug_info    0x000192b7      0xf7d C:\Users\NCKU_LAB\workspace\stm32f746g-disco_hal_lib\Debug\libstm32f746g-disco_hal_lib.a(stm32f7xx_hal_rcc_ex.o)
 .debug_info    0x0001a234     0x1469 C:\Users\NCKU_LAB\workspace\stm32f746g-disco_hal_lib\Debug\libstm32f746g-disco_hal_lib.a(stm32f7xx_hal_sdram.o)
 .debug_info    0x0001b69d     0x14a2 C:\Users\NCKU_LAB\workspace\stm32f746g-disco_hal_lib\Debug\libstm32f746g-disco_hal_lib.a(stm32f7xx_ll_fmc.o)

.debug_abbrev   0x00000000     0x36d6
 .debug_abbrev  0x00000000      0x3c6 src\main.o
 .debug_abbrev  0x000003c6      0x1b1 src\stm32f7xx_it.o
 .debug_abbrev  0x00000577      0x2aa src\syscalls.o
 .debug_abbrev  0x00000821      0x212 src\system_stm32f7xx.o
 .debug_abbrev  0x00000a33       0x12 startup\startup_stm32f746xx.o
 .debug_abbrev  0x00000a45      0x2bf C:\Users\NCKU_LAB\workspace\stm32f746g-disco_hal_lib\Debug\libstm32f746g-disco_hal_lib.a(stm32f7xx_hal.o)
 .debug_abbrev  0x00000d04      0x39f C:\Users\NCKU_LAB\workspace\stm32f746g-disco_hal_lib\Debug\libstm32f746g-disco_hal_lib.a(stm32f7xx_hal_cortex.o)
 .debug_abbrev  0x000010a3      0x289 C:\Users\NCKU_LAB\workspace\stm32f746g-disco_hal_lib\Debug\libstm32f746g-disco_hal_lib.a(stm32f7xx_hal_gpio.o)
 .debug_abbrev  0x0000132c      0x2e2 C:\Users\NCKU_LAB\workspace\stm32f746g-disco_hal_lib\Debug\libstm32f746g-disco_hal_lib.a(stm32f7xx_hal_i2c.o)
 .debug_abbrev  0x0000160e      0x2b9 C:\Users\NCKU_LAB\workspace\stm32f746g-disco_hal_lib\Debug\libstm32f746g-disco_hal_lib.a(stm32f7xx_hal_pwr_ex.o)
 .debug_abbrev  0x000018c7      0x2da C:\Users\NCKU_LAB\workspace\stm32f746g-disco_hal_lib\Debug\libstm32f746g-disco_hal_lib.a(stm32f7xx_hal_rcc.o)
 .debug_abbrev  0x00001ba1      0x2bf C:\Users\NCKU_LAB\workspace\stm32f746g-disco_hal_lib\Debug\libstm32f746g-disco_hal_lib.a(stm32f7xx_hal_tim.o)
 .debug_abbrev  0x00001e60      0x2c7 C:\Users\NCKU_LAB\workspace\stm32f746g-disco_hal_lib\Debug\libstm32f746g-disco_hal_lib.a(stm32f7xx_hal_tim_ex.o)
 .debug_abbrev  0x00002127      0x323 C:\Users\NCKU_LAB\workspace\stm32f746g-disco_hal_lib\Debug\libstm32f746g-disco_hal_lib.a(stm32746g_discovery_lcd.o)
 .debug_abbrev  0x0000244a      0x2b2 C:\Users\NCKU_LAB\workspace\stm32f746g-disco_hal_lib\Debug\libstm32f746g-disco_hal_lib.a(stm32746g_discovery_sdram.o)
 .debug_abbrev  0x000026fc      0x2c3 C:\Users\NCKU_LAB\workspace\stm32f746g-disco_hal_lib\Debug\libstm32f746g-disco_hal_lib.a(stm32f7xx_hal_dma.o)
 .debug_abbrev  0x000029bf      0x2b2 C:\Users\NCKU_LAB\workspace\stm32f746g-disco_hal_lib\Debug\libstm32f746g-disco_hal_lib.a(stm32f7xx_hal_dma2d.o)
 .debug_abbrev  0x00002c71      0x2ee C:\Users\NCKU_LAB\workspace\stm32f746g-disco_hal_lib\Debug\libstm32f746g-disco_hal_lib.a(stm32f7xx_hal_ltdc.o)
 .debug_abbrev  0x00002f5f      0x27c C:\Users\NCKU_LAB\workspace\stm32f746g-disco_hal_lib\Debug\libstm32f746g-disco_hal_lib.a(stm32f7xx_hal_rcc_ex.o)
 .debug_abbrev  0x000031db      0x2a0 C:\Users\NCKU_LAB\workspace\stm32f746g-disco_hal_lib\Debug\libstm32f746g-disco_hal_lib.a(stm32f7xx_hal_sdram.o)
 .debug_abbrev  0x0000347b      0x25b C:\Users\NCKU_LAB\workspace\stm32f746g-disco_hal_lib\Debug\libstm32f746g-disco_hal_lib.a(stm32f7xx_ll_fmc.o)

.debug_aranges  0x00000000     0x1388
 .debug_aranges
                0x00000000       0xa0 src\main.o
 .debug_aranges
                0x000000a0       0x20 src\stm32f7xx_it.o
 .debug_aranges
                0x000000c0       0xb0 src\syscalls.o
 .debug_aranges
                0x00000170       0x28 src\system_stm32f7xx.o
 .debug_aranges
                0x00000198       0x28 startup\startup_stm32f746xx.o
 .debug_aranges
                0x000001c0      0x100 C:\Users\NCKU_LAB\workspace\stm32f746g-disco_hal_lib\Debug\libstm32f746g-disco_hal_lib.a(stm32f7xx_hal.o)
 .debug_aranges
                0x000002c0      0x118 C:\Users\NCKU_LAB\workspace\stm32f746g-disco_hal_lib\Debug\libstm32f746g-disco_hal_lib.a(stm32f7xx_hal_cortex.o)
 .debug_aranges
                0x000003d8       0x58 C:\Users\NCKU_LAB\workspace\stm32f746g-disco_hal_lib\Debug\libstm32f746g-disco_hal_lib.a(stm32f7xx_hal_gpio.o)
 .debug_aranges
                0x00000430      0x260 C:\Users\NCKU_LAB\workspace\stm32f746g-disco_hal_lib\Debug\libstm32f746g-disco_hal_lib.a(stm32f7xx_hal_i2c.o)
 .debug_aranges
                0x00000690       0x80 C:\Users\NCKU_LAB\workspace\stm32f746g-disco_hal_lib\Debug\libstm32f746g-disco_hal_lib.a(stm32f7xx_hal_pwr_ex.o)
 .debug_aranges
                0x00000710       0x88 C:\Users\NCKU_LAB\workspace\stm32f746g-disco_hal_lib\Debug\libstm32f746g-disco_hal_lib.a(stm32f7xx_hal_rcc.o)
 .debug_aranges
                0x00000798      0x368 C:\Users\NCKU_LAB\workspace\stm32f746g-disco_hal_lib\Debug\libstm32f746g-disco_hal_lib.a(stm32f7xx_hal_tim.o)
 .debug_aranges
                0x00000b00      0x170 C:\Users\NCKU_LAB\workspace\stm32f746g-disco_hal_lib\Debug\libstm32f746g-disco_hal_lib.a(stm32f7xx_hal_tim_ex.o)
 .debug_aranges